Component: ARM Compiler 5.06 update 7 (build 960) Tool: armlink [4d3601]

==============================================================================

Section Cross References

    startup_stm32f407xx.o(STACK) refers (Special) to heapauxi.o(.text) for __use_two_region_memory
    startup_stm32f407xx.o(HEAP) refers (Special) to heapauxi.o(.text) for __use_two_region_memory
    startup_stm32f407xx.o(RESET) refers (Special) to heapauxi.o(.text) for __use_two_region_memory
    startup_stm32f407xx.o(RESET) refers to startup_stm32f407xx.o(STACK) for __initial_sp
    startup_stm32f407xx.o(RESET) refers to startup_stm32f407xx.o(.text) for Reset_Handler
    startup_stm32f407xx.o(RESET) refers to stm32f4xx_it.o(i.NMI_Handler) for NMI_Handler
    startup_stm32f407xx.o(RESET) refers to stm32f4xx_it.o(i.HardFault_Handler) for HardFault_Handler
    startup_stm32f407xx.o(RESET) refers to stm32f4xx_it.o(i.MemManage_Handler) for MemManage_Handler
    startup_stm32f407xx.o(RESET) refers to stm32f4xx_it.o(i.BusFault_Handler) for BusFault_Handler
    startup_stm32f407xx.o(RESET) refers to stm32f4xx_it.o(i.UsageFault_Handler) for UsageFault_Handler
    startup_stm32f407xx.o(RESET) refers to stm32f4xx_it.o(i.SVC_Handler) for SVC_Handler
    startup_stm32f407xx.o(RESET) refers to stm32f4xx_it.o(i.DebugMon_Handler) for DebugMon_Handler
    startup_stm32f407xx.o(RESET) refers to stm32f4xx_it.o(i.PendSV_Handler) for PendSV_Handler
    startup_stm32f407xx.o(RESET) refers to stm32f4xx_it.o(i.SysTick_Handler) for SysTick_Handler
    startup_stm32f407xx.o(RESET) refers to stm32f4xx_it.o(i.DMA1_Stream1_IRQHandler) for DMA1_Stream1_IRQHandler
    startup_stm32f407xx.o(RESET) refers to stm32f4xx_it.o(i.USART3_IRQHandler) for USART3_IRQHandler
    startup_stm32f407xx.o(.text) refers (Special) to heapauxi.o(.text) for __use_two_region_memory
    startup_stm32f407xx.o(.text) refers to system_stm32f4xx.o(i.SystemInit) for SystemInit
    startup_stm32f407xx.o(.text) refers to __main.o(!!!main) for __main
    startup_stm32f407xx.o(.text) refers to startup_stm32f407xx.o(HEAP) for Heap_Mem
    startup_stm32f407xx.o(.text) refers to startup_stm32f407xx.o(STACK) for Stack_Mem
    main.o(i.SystemClock_Config) refers to rt_memclr_w.o(.text) for __aeabi_memclr4
    main.o(i.SystemClock_Config) refers to stm32f4xx_hal_rcc.o(i.HAL_RCC_OscConfig) for HAL_RCC_OscConfig
    main.o(i.SystemClock_Config) refers to stm32f4xx_hal_rcc.o(i.HAL_RCC_ClockConfig) for HAL_RCC_ClockConfig
    main.o(i.main) refers to stm32f4xx_hal.o(i.HAL_Init) for HAL_Init
    main.o(i.main) refers to main.o(i.SystemClock_Config) for SystemClock_Config
    main.o(i.main) refers to gpio.o(i.MX_GPIO_Init) for MX_GPIO_Init
    main.o(i.main) refers to dma.o(i.MX_DMA_Init) for MX_DMA_Init
    main.o(i.main) refers to usart.o(i.MX_USART3_UART_Init) for MX_USART3_UART_Init
    main.o(i.main) refers to spi.o(i.MX_SPI3_Init) for MX_SPI3_Init
    main.o(i.main) refers to rng.o(i.MX_RNG_Init) for MX_RNG_Init
    main.o(i.main) refers to mbedtls.o(i.MX_MBEDTLS_Init) for MX_MBEDTLS_Init
    main.o(i.main) refers to uart.o(i.Uart_Init) for Uart_Init
    main.o(i.main) refers to w25q64.o(i.W25Q64_ReadOTAInfo) for W25Q64_ReadOTAInfo
    main.o(i.main) refers to boot.o(i.BootLoader_Brance) for BootLoader_Brance
    main.o(i.main) refers to boot.o(i.BootLoader_State) for BootLoader_State
    main.o(i.main) refers to uart.o(.data) for uart_rb
    gpio.o(i.MX_GPIO_Init) refers to rt_memclr_w.o(.text) for __aeabi_memclr4
    gpio.o(i.MX_GPIO_Init) refers to stm32f4xx_hal_gpio.o(i.HAL_GPIO_WritePin) for HAL_GPIO_WritePin
    gpio.o(i.MX_GPIO_Init) refers to stm32f4xx_hal_gpio.o(i.HAL_GPIO_Init) for HAL_GPIO_Init
    dma.o(i.MX_DMA_Init) refers to stm32f4xx_hal_cortex.o(i.HAL_NVIC_SetPriority) for HAL_NVIC_SetPriority
    dma.o(i.MX_DMA_Init) refers to stm32f4xx_hal_cortex.o(i.HAL_NVIC_EnableIRQ) for HAL_NVIC_EnableIRQ
    rng.o(i.MX_RNG_Init) refers to stm32f4xx_hal_rng.o(i.HAL_RNG_Init) for HAL_RNG_Init
    rng.o(i.MX_RNG_Init) refers to main.o(i.Error_Handler) for Error_Handler
    rng.o(i.MX_RNG_Init) refers to rng.o(.bss) for .bss
    spi.o(i.HAL_SPI_MspDeInit) refers to stm32f4xx_hal_gpio.o(i.HAL_GPIO_DeInit) for HAL_GPIO_DeInit
    spi.o(i.HAL_SPI_MspInit) refers to rt_memclr_w.o(.text) for __aeabi_memclr4
    spi.o(i.HAL_SPI_MspInit) refers to stm32f4xx_hal_gpio.o(i.HAL_GPIO_Init) for HAL_GPIO_Init
    spi.o(i.MX_SPI3_Init) refers to stm32f4xx_hal_spi.o(i.HAL_SPI_Init) for HAL_SPI_Init
    spi.o(i.MX_SPI3_Init) refers to main.o(i.Error_Handler) for Error_Handler
    spi.o(i.MX_SPI3_Init) refers to spi.o(.bss) for .bss
    usart.o(i.HAL_UART_MspDeInit) refers to stm32f4xx_hal_gpio.o(i.HAL_GPIO_DeInit) for HAL_GPIO_DeInit
    usart.o(i.HAL_UART_MspDeInit) refers to stm32f4xx_hal_dma.o(i.HAL_DMA_DeInit) for HAL_DMA_DeInit
    usart.o(i.HAL_UART_MspDeInit) refers to stm32f4xx_hal_cortex.o(i.HAL_NVIC_DisableIRQ) for HAL_NVIC_DisableIRQ
[...]
    mbedtls_aes_init                         0x080092fb   Thumb Code     8  aes.o(i.mbedtls_aes_init)
    mbedtls_aes_setkey_enc                   0x08009305   Thumb Code   416  aes.o(i.mbedtls_aes_setkey_enc)
    mbedtls_asn1_get_alg                     0x080094a9   Thumb Code   138  asn1parse.o(i.mbedtls_asn1_get_alg)
    mbedtls_asn1_get_bitstring_null          0x08009533   Thumb Code    44  asn1parse.o(i.mbedtls_asn1_get_bitstring_null)
    mbedtls_asn1_get_len                     0x0800955f   Thumb Code   162  asn1parse.o(i.mbedtls_asn1_get_len)
    mbedtls_asn1_get_mpi                     0x08009601   Thumb Code    38  asn1parse.o(i.mbedtls_asn1_get_mpi)
    mbedtls_asn1_get_tag                     0x08009627   Thumb Code    40  asn1parse.o(i.mbedtls_asn1_get_tag)
    mbedtls_asn1_write_len                   0x0800964f   Thumb Code   204  asn1write.o(i.mbedtls_asn1_write_len)
    mbedtls_asn1_write_mpi                   0x0800971b   Thumb Code   122  asn1write.o(i.mbedtls_asn1_write_mpi)
    mbedtls_asn1_write_tag                   0x08009795   Thumb Code    24  asn1write.o(i.mbedtls_asn1_write_tag)
    mbedtls_ctr_drbg_init                    0x080097ad   Thumb Code     8  ctr_drbg.o(i.mbedtls_ctr_drbg_init)
    mbedtls_ecdh_calc_secret                 0x080097b5   Thumb Code    98  ecdh.o(i.mbedtls_ecdh_calc_secret)
    mbedtls_ecdh_compute_shared              0x0800981d   Thumb Code    84  ecdh.o(i.mbedtls_ecdh_compute_shared)
    mbedtls_ecdh_free                        0x08009875   Thumb Code    74  ecdh.o(i.mbedtls_ecdh_free)
    mbedtls_ecdh_init                        0x080098bf   Thumb Code    72  ecdh.o(i.mbedtls_ecdh_init)
    mbedtls_ecdsa_free                       0x08009907   Thumb Code    10  ecdsa.o(i.mbedtls_ecdsa_free)
    mbedtls_ecdsa_from_keypair               0x08009911   Thumb Code    56  ecdsa.o(i.mbedtls_ecdsa_from_keypair)
    mbedtls_ecdsa_init                       0x08009949   Thumb Code     4  ecdsa.o(i.mbedtls_ecdsa_init)
    mbedtls_ecdsa_read_signature             0x0800994d   Thumb Code    16  ecdsa.o(i.mbedtls_ecdsa_read_signature)
    mbedtls_ecdsa_read_signature_restartable 0x0800995d   Thumb Code   146  ecdsa.o(i.mbedtls_ecdsa_read_signature_restartable)
    mbedtls_ecdsa_write_signature            0x080099f9   Thumb Code    28  ecdsa.o(i.mbedtls_ecdsa_write_signature)
    mbedtls_ecdsa_write_signature_restartable 0x08009a15   Thumb Code    92  ecdsa.o(i.mbedtls_ecdsa_write_signature_restartable)
    mbedtls_ecp_check_privkey                0x08009a71   Thumb Code   114  ecp.o(i.mbedtls_ecp_check_privkey)
    mbedtls_ecp_check_pub_priv               0x08009aed   Thumb Code   172  ecp.o(i.mbedtls_ecp_check_pub_priv)
    mbedtls_ecp_check_pubkey                 0x08009b9d   Thumb Code    80  ecp.o(i.mbedtls_ecp_check_pubkey)
    mbedtls_ecp_copy                         0x08009bf5   Thumb Code    48  ecp.o(i.mbedtls_ecp_copy)
    mbedtls_ecp_gen_privkey                  0x08009c25   Thumb Code   228  ecp.o(i.mbedtls_ecp_gen_privkey)
    mbedtls_ecp_group_copy                   0x08009d11   Thumb Code     6  ecp.o(i.mbedtls_ecp_group_copy)
    mbedtls_ecp_group_free                   0x08009d19   Thumb Code   100  ecp.o(i.mbedtls_ecp_group_free)
    mbedtls_ecp_group_init                   0x08009d7d   Thumb Code    66  ecp.o(i.mbedtls_ecp_group_init)
    mbedtls_ecp_group_load                   0x08009dc1   Thumb Code   100  ecp_curves.o(i.mbedtls_ecp_group_load)
    mbedtls_ecp_is_zero                      0x08009e35   Thumb Code    20  ecp.o(i.mbedtls_ecp_is_zero)
    mbedtls_ecp_keypair_free                 0x08009e49   Thumb Code    32  ecp.o(i.mbedtls_ecp_keypair_free)
    mbedtls_ecp_keypair_init                 0x08009e69   Thumb Code    28  ecp.o(i.mbedtls_ecp_keypair_init)
    mbedtls_ecp_mul                          0x08009e85   Thumb Code    18  ecp.o(i.mbedtls_ecp_mul)
    mbedtls_ecp_mul_restartable              0x08009e99   Thumb Code   118  ecp.o(i.mbedtls_ecp_mul_restartable)
    mbedtls_ecp_muladd_restartable           0x08009f85   Thumb Code   118  ecp.o(i.mbedtls_ecp_muladd_restartable)
    mbedtls_ecp_point_free                   0x0800a001   Thumb Code    32  ecp.o(i.mbedtls_ecp_point_free)
    mbedtls_ecp_point_init                   0x0800a021   Thumb Code    28  ecp.o(i.mbedtls_ecp_point_init)
    mbedtls_ecp_point_read_binary            0x0800a03d   Thumb Code   114  ecp.o(i.mbedtls_ecp_point_read_binary)
    mbedtls_ecp_set_zero                     0x0800a0b9   Thumb Code    44  ecp.o(i.mbedtls_ecp_set_zero)
    mbedtls_entropy_init                     0x0800a0e5   Thumb Code    28  entropy.o(i.mbedtls_entropy_init)
    mbedtls_hkdf                             0x0800a101   Thumb Code    76  hkdf.o(i.mbedtls_hkdf)
    mbedtls_hkdf_expand                      0x0800a14d   Thumb Code   228  hkdf.o(i.mbedtls_hkdf_expand)
    mbedtls_hkdf_extract                     0x0800a239   Thumb Code    70  hkdf.o(i.mbedtls_hkdf_extract)
    mbedtls_internal_aes_decrypt             0x0800a285   Thumb Code   980  aes.o(i.mbedtls_internal_aes_decrypt)
    mbedtls_internal_aes_encrypt             0x0800a665   Thumb Code   980  aes.o(i.mbedtls_internal_aes_encrypt)
    mbedtls_internal_sha256_process          0x0800aa45   Thumb Code  2108  sha256.o(i.mbedtls_internal_sha256_process)
    mbedtls_md_free                          0x0800b281   Thumb Code    54  md.o(i.mbedtls_md_free)
    mbedtls_md_get_size                      0x0800b2b7   Thumb Code     8  md.o(i.mbedtls_md_get_size)
    mbedtls_md_hmac                          0x0800b2c1   Thumb Code    94  md.o(i.mbedtls_md_hmac)
    mbedtls_md_hmac_finish                   0x0800b325   Thumb Code    98  md.o(i.mbedtls_md_hmac_finish)
    mbedtls_md_hmac_starts                   0x0800b38d   Thumb Code   182  md.o(i.mbedtls_md_hmac_starts)
    mbedtls_md_hmac_update                   0x0800b449   Thumb Code    26  md.o(i.mbedtls_md_hmac_update)
    mbedtls_md_info_from_type                0x0800b469   Thumb Code    20  md.o(i.mbedtls_md_info_from_type)
    mbedtls_md_init                          0x0800b485   Thumb Code    10  md.o(i.mbedtls_md_init)
    mbedtls_md_setup                         0x0800b491   Thumb Code    64  md.o(i.mbedtls_md_setup)
    mbedtls_mpi_add_abs                      0x0800b4d5   Thumb Code   182  bignum.o(i.mbedtls_mpi_add_abs)
    mbedtls_mpi_add_int                      0x0800b58d   Thumb Code    48  bignum.o(i.mbedtls_mpi_add_int)
    mbedtls_mpi_add_mpi                      0x0800b5bd   Thumb Code    78  bignum.o(i.mbedtls_mpi_add_mpi)
    mbedtls_mpi_bitlen                       0x0800b60b   Thumb Code    62  bignum.o(i.mbedtls_mpi_bitlen)
    mbedtls_mpi_cmp_abs                      0x0800b649   Thumb Code   100  bignum.o(i.mbedtls_mpi_cmp_abs)
    mbedtls_mpi_cmp_int                      0x0800b6ad   Thumb Code    48  bignum.o(i.mbedtls_mpi_cmp_int)
    mbedtls_mpi_cmp_mpi                      0x0800b6dd   Thumb Code   140  bignum.o(i.mbedtls_mpi_cmp_mpi)
    mbedtls_mpi_copy                         0x0800b769   Thumb Code   100  bignum.o(i.mbedtls_mpi_copy)
    mbedtls_mpi_div_mpi                      0x0800b7cd   Thumb Code   798  bignum.o(i.mbedtls_mpi_div_mpi)
    mbedtls_mpi_fill_random                  0x0800baeb   Thumb Code    96  bignum.o(i.mbedtls_mpi_fill_random)
    mbedtls_mpi_free                         0x0800bb4b   Thumb Code    34  bignum.o(i.mbedtls_mpi_free)
    mbedtls_mpi_gcd                          0x0800bb6d   Thumb Code   256  bignum.o(i.mbedtls_mpi_gcd)
    mbedtls_mpi_get_bit                      0x0800bc6d   Thumb Code    32  bignum.o(i.mbedtls_mpi_get_bit)
    mbedtls_mpi_grow                         0x0800bc8d   Thumb Code    80  bignum.o(i.mbedtls_mpi_grow)
    mbedtls_mpi_init                         0x0800bcdd   Thumb Code    12  bignum.o(i.mbedtls_mpi_init)
    mbedtls_mpi_inv_mod                      0x0800bce9   Thumb Code   616  bignum.o(i.mbedtls_mpi_inv_mod)
    mbedtls_mpi_lsb                          0x0800bf51   Thumb Code    46  bignum.o(i.mbedtls_mpi_lsb)
    mbedtls_mpi_lset                         0x0800bf81   Thumb Code    58  bignum.o(i.mbedtls_mpi_lset)
    mbedtls_mpi_mod_mpi                      0x0800bfbb   Thumb Code    98  bignum.o(i.mbedtls_mpi_mod_mpi)
    mbedtls_mpi_mul_int                      0x0800c01d   Thumb Code    24  bignum.o(i.mbedtls_mpi_mul_int)
    mbedtls_mpi_mul_mpi                      0x0800c035   Thumb Code   194  bignum.o(i.mbedtls_mpi_mul_mpi)
    mbedtls_mpi_read_binary                  0x0800c0f7   Thumb Code    98  bignum.o(i.mbedtls_mpi_read_binary)
    mbedtls_mpi_read_string                  0x0800c159   Thumb Code   280  bignum.o(i.mbedtls_mpi_read_string)
    mbedtls_mpi_safe_cond_assign             0x0800c271   Thumb Code   108  bignum.o(i.mbedtls_mpi_safe_cond_assign)
    mbedtls_mpi_safe_cond_swap               0x0800c2dd   Thumb Code   138  bignum.o(i.mbedtls_mpi_safe_cond_swap)
    mbedtls_mpi_set_bit                      0x0800c367   Thumb Code    86  bignum.o(i.mbedtls_mpi_set_bit)
    mbedtls_mpi_shift_l                      0x0800c3bd   Thumb Code   158  bignum.o(i.mbedtls_mpi_shift_l)
    mbedtls_mpi_shift_r                      0x0800c45d   Thumb Code   130  bignum.o(i.mbedtls_mpi_shift_r)
    mbedtls_mpi_shrink                       0x0800c4df   Thumb Code   108  bignum.o(i.mbedtls_mpi_shrink)
    mbedtls_mpi_size                         0x0800c54b   Thumb Code    12  bignum.o(i.mbedtls_mpi_size)
    mbedtls_mpi_sub_abs                      0x0800c557   Thumb Code   110  bignum.o(i.mbedtls_mpi_sub_abs)
    mbedtls_mpi_sub_int                      0x0800c5c5   Thumb Code    48  bignum.o(i.mbedtls_mpi_sub_int)
    mbedtls_mpi_sub_mpi                      0x0800c5f5   Thumb Code    80  bignum.o(i.mbedtls_mpi_sub_mpi)
    mbedtls_mpi_write_binary                 0x0800c645   Thumb Code   104  bignum.o(i.mbedtls_mpi_write_binary)
    mbedtls_oid_get_ec_grp                   0x0800c6b5   Thumb Code    58  oid.o(i.mbedtls_oid_get_ec_grp)
    mbedtls_oid_get_pk_alg                   0x0800c6f5   Thumb Code    58  oid.o(i.mbedtls_oid_get_pk_alg)
    mbedtls_pk_free                          0x0800c735   Thumb Code    30  pk.o(i.mbedtls_pk_free)
    mbedtls_pk_info_from_type                0x0800c755   Thumb Code    28  pk.o(i.mbedtls_pk_info_from_type)
    mbedtls_pk_init                          0x0800c77d   Thumb Code     8  pk.o(i.mbedtls_pk_init)
    mbedtls_pk_parse_public_key              0x0800c785   Thumb Code    22  pkparse.o(i.mbedtls_pk_parse_public_key)
    mbedtls_pk_parse_subpubkey               0x0800c7a1   Thumb Code   176  pkparse.o(i.mbedtls_pk_parse_subpubkey)
    mbedtls_pk_setup                         0x0800c859   Thumb Code    34  pk.o(i.mbedtls_pk_setup)
    mbedtls_pk_verify                        0x0800c885   Thumb Code    18  pk.o(i.mbedtls_pk_verify)
    mbedtls_pk_verify_restartable            0x0800c899   Thumb Code    72  pk.o(i.mbedtls_pk_verify_restartable)
    mbedtls_platform_zeroize                 0x0800c8e5   Thumb Code    10  platform_util.o(i.mbedtls_platform_zeroize)
    mbedtls_sha256_clone                     0x0800c8f5   Thumb Code     6  sha256.o(i.mbedtls_sha256_clone)
    mbedtls_sha256_finish                    0x0800c8fb   Thumb Code     4  sha256.o(i.mbedtls_sha256_finish)
    mbedtls_sha256_finish_ret                0x0800c8ff   Thumb Code   326  sha256.o(i.mbedtls_sha256_finish_ret)
    mbedtls_sha256_free                      0x0800ca45   Thumb Code    12  sha256.o(i.mbedtls_sha256_free)
    mbedtls_sha256_init                      0x0800ca51   Thumb Code     6  sha256.o(i.mbedtls_sha256_init)
    mbedtls_sha256_ret                       0x0800ca57   Thumb Code    66  sha256.o(i.mbedtls_sha256_ret)
    mbedtls_sha256_starts                    0x0800ca99   Thumb Code     4  sha256.o(i.mbedtls_sha256_starts)
    mbedtls_sha256_starts_ret                0x0800ca9d   Thumb Code    78  sha256.o(i.mbedtls_sha256_starts_ret)
    mbedtls_sha256_update                    0x0800cb2d   Thumb Code     4  sha256.o(i.mbedtls_sha256_update)
    mbedtls_sha256_update_ret                0x0800cb31   Thumb Code   116  sha256.o(i.mbedtls_sha256_update_ret)
    mbedtls_ssl_config_init                  0x0800cba5   Thumb Code     6  ssl_tls.o(i.mbedtls_ssl_config_init)
    mbedtls_ssl_init                         0x0800cbab   Thumb Code     6  ssl_tls.o(i.mbedtls_ssl_init)
    mbedtls_x509_crt_init                    0x0800cbb1   Thumb Code     8  x509_crt.o(i.mbedtls_x509_crt_init)
    tuz_TStream_decompress_partial           0x0800d147   Thumb Code   382  tuz_dec.o(i.tuz_TStream_decompress_partial)
    tuz_TStream_open                         0x0800d2c5   Thumb Code    66  tuz_dec.o(i.tuz_TStream_open)
    tuz_TStream_read_dict_size               0x0800d307   Thumb Code   116  tuz_dec.o(i.tuz_TStream_read_dict_size)
    _get_lc_ctype                            0x0800d37d   Thumb Code    44  lc_ctype_c.o(locale$$code)
    _get_lc_numeric                          0x0800d3a9   Thumb Code    44  lc_numeric_c.o(locale$$code)
    _fp_init                                 0x0800d3d5   Thumb Code    10  fpinit.o(x$fpl$fpinit)
    __fplib_config_fpu_vfp                   0x0800d3dd   Thumb Code     0  fpinit.o(x$fpl$fpinit)
    __fplib_config_pureend_doubles           0x0800d3dd   Thumb Code     0  fpinit.o(x$fpl$fpinit)
    _printf_fp_dec                           0x0800d3df   Thumb Code     4  printf1.o(x$fpl$printf1)
    _printf_fp_hex                           0x0800d3e3   Thumb Code     4  printf2.o(x$fpl$printf2)
    __I$use$fp                               0x0800d3e6   Number         0  usenofp.o(x$fpl$usenofp)
    AHBPrescTable                            0x0800d3ee   Data          16  system_stm32f4xx.o(.constdata)
    APBPrescTable                            0x0800d3fe   Data           8  system_stm32f4xx.o(.constdata)
    mbedtls_sha224_info                      0x0800f6f0   Data          48  md_wrap.o(.constdata)
    mbedtls_sha256_info                      0x0800f720   Data          48  md_wrap.o(.constdata)
    mbedtls_eckey_info                       0x0800fb30   Data          48  pk_wrap.o(.constdata)
    mbedtls_eckeydh_info                     0x0800fb60   Data          48  pk_wrap.o(.constdata)
    mbedtls_ecdsa_info                       0x0800fb90   Data          48  pk_wrap.o(.constdata)
    Region$$Table$$Base                      0x080105d8   Number         0  anon$$obj.o(Region$$Table)
    Region$$Table$$Limit                     0x080105f8   Number         0  anon$$obj.o(Region$$Table)
    __ctype                                  0x08010605   Data           0  lc_ctype_c.o(locale$$data)
    OTA_state                                0x20000000   Data           1  main.o(.data)
    pFlash                                   0x20000004   Data          32  stm32f4xx_hal_flash.o(.data)
    uwTickFreq                               0x20000024   Data           1  stm32f4xx_hal.o(.data)
    uwTickPrio                               0x20000028   Data           4  stm32f4xx_hal.o(.data)
    uwTick                                   0x2000002c   Data           4  stm32f4xx_hal.o(.data)
    SystemCoreClock                          0x20000030   Data           4  system_stm32f4xx.o(.data)
    uart_rb                                  0x20000034   Data           4  uart.o(.data)
    Load_A                                   0x2000003c   Data           4  boot.o(.data)
    OTA_Info                                 0x20000048   Data          24  main.o(.bss)
    Local_UpDate                             0x20000060   Data        1040  main.o(.bss)
    hrng                                     0x20000470   Data          16  rng.o(.bss)
    hspi3                                    0x20000480   Data          88  spi.o(.bss)
    huart3                                   0x200004d8   Data          72  usart.o(.bss)
    hdma_usart3_rx                           0x20000520   Data          96  usart.o(.bss)
    dma_buff                                 0x20000598   Data        1030  uart.o(.bss)
    uart_buff                                0x2000099e   Data        4096  uart.o(.bss)
    g_ota                                    0x20002410   Data         352  bootota.o(.bss)
    ssl                                      0x20003d74   Data         188  mbedtls.o(.bss)
    conf                                     0x20003e30   Data          88  mbedtls.o(.bss)
    cert                                     0x20003e88   Data         308  mbedtls.o(.bss)
    ctr_drbg                                 0x20003fbc   Data         320  mbedtls.o(.bss)
    entropy                                  0x200040fc   Data         156  mbedtls.o(.bss)
    __libspace_start                         0x20004198   Data          96  libspace.o(.bss)
    __temporary_stack_top$libspace           0x200041f8   Data           0  libspace.o(.bss)



==============================================================================

Memory Map of the image

  Image Entry point : 0x08000189

  Load Region LR_IROM1 (Base: 0x08000000, Size: 0x0001076c, Max: 0x00100000, ABSOLUTE)

    Execution Region ER_IROM1 (Exec base: 0x08000000, Load base: 0x08000000, Size: 0x00010724, Max: 0x00100000, ABSOLUTE)

    Exec Addr    Load Addr    Size         Type   Attr      Idx    E Section Name        Object

    0x08000000   0x08000000   0x00000188   Data   RO            3    RESET               startup_stm32f407xx.o
    0x08000188   0x08000188   0x00000008   Code   RO         7401  * !!!main             c_w.l(__main.o)
    0x08000190   0x08000190   0x00000034   Code   RO         7754    !!!scatter          c_w.l(__scatter.o)
    0x080001c4   0x080001c4   0x0000001a   Code   RO         7756    !!handler_copy      c_w.l(__scatter_copy.o)
    0x080001de   0x080001de   0x00000002   PAD
    0x080001e0   0x080001e0   0x0000001c   Code   RO         7758    !!handler_zi        c_w.l(__scatter_zi.o)
    0x080001fc   0x080001fc   0x00000000   Code   RO         7370    .ARM.Collect$$_printf_percent$$00000000  c_w.l(_printf_percent.o)
    0x080001fc   0x080001fc   0x00000006   Code   RO         7472    .ARM.Collect$$_printf_percent$$00000001  c_w.l(_printf_n.o)
    0x08000202   0x08000202   0x00000006   Code   RO         7473    .ARM.Collect$$_printf_percent$$00000002  c_w.l(_printf_p.o)
    0x08000208   0x08000208   0x00000006   Code   RO         7477    .ARM.Collect$$_printf_percent$$00000003  c_w.l(_printf_f.o)
    0x0800020e   0x0800020e   0x00000006   Code   RO         7478    .ARM.Collect$$_printf_percent$$00000004  c_w.l(_printf_e.o)
    0x08000214   0x08000214   0x00000006   Code   RO         7479    .ARM.Collect$$_printf_percent$$00000005  c_w.l(_printf_g.o)
    0x0800021a   0x0800021a   0x00000006   Code   RO         7480    .ARM.Collect$$_printf_percent$$00000006  c_w.l(_printf_a.o)
    0x08000220   0x08000220   0x0000000a   Code   RO         7485    .ARM.Collect$$_printf_percent$$00000007  c_w.l(_printf_ll.o)
    0x0800022a   0x0800022a   0x00000006   Code   RO         7475    .ARM.Collect$$_printf_percent$$00000008  c_w.l(_printf_i.o)
    0x08000230   0x08000230   0x00000006   Code   RO         7369    .ARM.Collect$$_printf_percent$$00000009  c_w.l(_printf_d.o)
    0x08000236   0x08000236   0x00000006   Code   RO         7476    .ARM.Collect$$_printf_percent$$0000000A  c_w.l(_printf_u.o)
    0x0800023c   0x0800023c   0x00000006   Code   RO         7474    .ARM.Collect$$_printf_percent$$0000000B  c_w.l(_printf_o.o)
    0x08000242   0x08000242   0x00000006   Code   RO         7368    .ARM.Collect$$_printf_percent$$0000000C  c_w.l(_printf_x.o)
    0x08000248   0x08000248   0x00000006   Code   RO         7482    .ARM.Collect$$_printf_percent$$0000000D  c_w.l(_printf_lli.o)
    0x0800024e   0x0800024e   0x00000006   Code   RO         7483    .ARM.Collect$$_printf_percent$$0000000E  c_w.l(_printf_lld.o)
    0x08000254   0x08000254   0x00000006   Code   RO         7484    .ARM.Collect$$_printf_percent$$0000000F  c_w.l(_printf_llu.o)
    0x0800025a   0x0800025a   0x00000006   Code   RO         7489    .ARM.Collect$$_printf_percent$$00000010  c_w.l(_printf_llo.o)
    0x08000260   0x08000260   0x00000006   Code   RO         7490    .ARM.Collect$$_printf_percent$$00000011  c_w.l(_printf_llx.o)
    0x08000266   0x08000266   0x0000000a   Code   RO         7486    .ARM.Collect$$_printf_percent$$00000012  c_w.l(_printf_l.o)
    0x08000270   0x08000270   0x00000006   Code   RO         7471    .ARM.Collect$$_printf_percent$$00000013  c_w.l(_printf_c.o)
    0x08000276   0x08000276   0x00000006   Code   RO         7367    .ARM.Collect$$_printf_percent$$00000014  c_w.l(_printf_s.o)
    0x0800027c   0x0800027c   0x00000006   Code   RO         7487    .ARM.Collect$$_printf_percent$$00000015  c_w.l(_printf_lc.o)
    0x08000282   0x08000282   0x00000006   Code   RO         7488    .ARM.Collect$$_printf_percent$$00000016  c_w.l(_printf_ls.o)
    0x08000288   0x08000288   0x00000004   Code   RO         7481    .ARM.Collect$$_printf_percent$$00000017  c_w.l(_printf_percent_end.o)
    0x0800028c   0x0800028c   0x00000002   Code   RO         7688    .ARM.Collect$$libinit$$00000000  c_w.l(libinit.o)
    0x0800028e   0x0800028e   0x00000004   Code   RO         7586    .ARM.Collect$$libinit$$00000001  c_w.l(libinit2.o)
    0x08000292   0x08000292   0x00000000   Code   RO         7589    .ARM.Collect$$libinit$$00000004  c_w.l(libinit2.o)
    0x08000292   0x08000292   0x00000008   Code   RO         7590    .ARM.Collect$$libinit$$00000005  c_w.l(libinit2.o)
    0x0800029a   0x0800029a   0x00000000   Code   RO         7592    .ARM.Collect$$libinit$$0000000A  c_w.l(libinit2.o)
    0x0800029a   0x0800029a   0x00000000   Code   RO         7594    .ARM.Collect$$libinit$$0000000C  c_w.l(libinit2.o)
    0x0800029a   0x0800029a   0x00000000   Code   RO         7596    .ARM.Collect$$libinit$$0000000E  c_w.l(libinit2.o)
    0x0800029a   0x0800029a   0x00000006   Code   RO         7597    .ARM.Collect$$libinit$$0000000F  c_w.l(libinit2.o)
    0x080002a0   0x080002a0   0x00000000   Code   RO         7599    .ARM.Collect$$libinit$$00000011  c_w.l(libinit2.o)
    0x080002a0   0x080002a0   0x0000000c   Code   RO         7600    .ARM.Collect$$libinit$$00000012  c_w.l(libinit2.o)
    0x080002ac   0x080002ac   0x00000000   Code   RO         7601    .ARM.Collect$$libinit$$00000013  c_w.l(libinit2.o)
    0x080002ac   0x080002ac   0x00000000   Code   RO         7603    .ARM.Collect$$libinit$$00000015  c_w.l(libinit2.o)
    0x080002ac   0x080002ac   0x0000000a   Code   RO         7604    .ARM.Collect$$libinit$$00000016  c_w.l(libinit2.o)
    0x080002b6   0x080002b6   0x00000000   Code   RO         7605    .ARM.Collect$$libinit$$00000017  c_w.l(libinit2.o)
    0x080002b6   0x080002b6   0x00000000   Code   RO         7607    .ARM.Collect$$libinit$$00000019  c_w.l(libinit2.o)
    0x080002b6   0x080002b6   0x00000000   Code   RO         7609    .ARM.Collect$$libinit$$0000001B  c_w.l(libinit2.o)
    0x080002b6   0x080002b6   0x00000000   Code   RO         7611    .ARM.Collect$$libinit$$0000001D  c_w.l(libinit2.o)
    0x080002b6   0x080002b6   0x00000000   Code   RO         7613    .ARM.Collect$$libinit$$0000001F  c_w.l(libinit2.o)
    0x080002b6   0x080002b6   0x00000000   Code   RO         7615    .ARM.Collect$$libinit$$00000021  c_w.l(libinit2.o)
    0x080002b6   0x080002b6   0x00000000   Code   RO         7617    .ARM.Collect$$libinit$$00000023  c_w.l(libinit2.o)
    0x080002b6   0x080002b6   0x00000000   Code   RO         7619    .ARM.Collect$$libinit$$00000025  c_w.l(libinit2.o)
    0x080002b6   0x080002b6   0x00000000   Code   RO         7623    .ARM.Collect$$libinit$$0000002C  c_w.l(libinit2.o)
    0x080002b6   0x080002b6   0x00000000   Code   RO         7625    .ARM.Collect$$libinit$$0000002E  c_w.l(libinit2.o)
    0x080002b6   0x080002b6   0x00000000   Code   RO         7627    .ARM.Collect$$libinit$$00000030  c_w.l(libinit2.o)
    0x080002b6   0x080002b6   0x00000000   Code   RO         7629    .ARM.Collect$$libinit$$00000032  c_w.l(libinit2.o)
    0x080002b6   0x080002b6   0x00000002   Code   RO         7630    .ARM.Collect$$libinit$$00000033  c_w.l(libinit2.o)
    0x080002b8   0x080002b8   0x00000002   Code   RO         7751    .ARM.Collect$$libshutdown$$00000000  c_w.l(libshutdown.o)
    0x080002ba   0x080002ba   0x00000000   Code   RO         7713    .ARM.Collect$$libshutdown$$00000002  c_w.l(libshutdown2.o)
    0x080002ba   0x080002ba   0x00000000   Code   RO         7715    .ARM.Collect$$libshutdown$$00000004  c_w.l(libshutdown2.o)
    0x080002ba   0x080002ba   0x00000000   Code   RO         7717    .ARM.Collect$$libshutdown$$00000006  c_w.l(libshutdown2.o)
    0x080002ba   0x080002ba   0x00000000   Code   RO         7720    .ARM.Collect$$libshutdown$$00000009  c_w.l(libshutdown2.o)
    0x080002ba   0x080002ba   0x00000000   Code   RO         7723    .ARM.Collect$$libshutdown$$0000000C  c_w.l(libshutdown2.o)
    0x080002ba   0x080002ba   0x00000000   Code   RO         7725    .ARM.Collect$$libshutdown$$0000000E  c_w.l(libshutdown2.o)
    0x080002ba   0x080002ba   0x00000000   Code   RO         7728    .ARM.Collect$$libshutdown$$00000011  c_w.l(libshutdown2.o)
    0x080002ba   0x080002ba   0x00000002   Code   RO         7729    .ARM.Collect$$libshutdown$$00000012  c_w.l(libshutdown2.o)
    0x080002bc   0x080002bc   0x00000000   Code   RO         7407    .ARM.Collect$$rtentry$$00000000  c_w.l(__rtentry.o)
    0x080002bc   0x080002bc   0x00000000   Code   RO         7520    .ARM.Collect$$rtentry$$00000002  c_w.l(__rtentry2.o)
    0x080002bc   0x080002bc   0x00000006   Code   RO         7532    .ARM.Collect$$rtentry$$00000004  c_w.l(__rtentry4.o)
    0x080002c2   0x080002c2   0x00000000   Code   RO         7522    .ARM.Collect$$rtentry$$00000009  c_w.l(__rtentry2.o)
    0x080002c2   0x080002c2   0x00000004   Code   RO         7523    .ARM.Collect$$rtentry$$0000000A  c_w.l(__rtentry2.o)
    0x080002c6   0x080002c6   0x00000000   Code   RO         7525    .ARM.Collect$$rtentry$$0000000C  c_w.l(__rtentry2.o)
    0x080002c6   0x080002c6   0x00000008   Code   RO         7526    .ARM.Collect$$rtentry$$0000000D  c_w.l(__rtentry2.o)
    0x080002ce   0x080002ce   0x00000002   Code   RO         7698    .ARM.Collect$$rtexit$$00000000  c_w.l(rtexit.o)
    0x080002d0   0x080002d0   0x00000000   Code   RO         7731    .ARM.Collect$$rtexit$$00000002  c_w.l(rtexit2.o)
    0x080002d0   0x080002d0   0x00000004   Code   RO         7732    .ARM.Collect$$rtexit$$00000003  c_w.l(rtexit2.o)
    0x080002d4   0x080002d4   0x00000006   Code   RO         7733    .ARM.Collect$$rtexit$$00000004  c_w.l(rtexit2.o)
    0x080002da   0x080002da   0x00000002   PAD
    0x080002dc   0x080002dc   0x00000006   Code   RO         3180    .emb_text           boot.o
    0x080002e2   0x080002e2   0x00000002   PAD
    0x080002e4   0x080002e4   0x00000000   Code   RO         7543    .emb_text           c_w.l(maybetermalloc1.o)
    0x080002e4   0x080002e4   0x00000040   Code   RO            4    .text               startup_stm32f407xx.o
    0x08000324   0x08000324   0x00000028   Code   RO         7254    .text               c_w.l(calloc.o)
    0x0800034c   0x0800034c   0x0000004e   Code   RO         7256    .text               c_w.l(h1_free.o)
    0x0800039a   0x0800039a   0x000000ee   Code   RO         7310    .text               c_w.l(lludivv7m.o)
    0x08000488   0x08000488   0x00000034   Code   RO         7312    .text               c_w.l(vsnprintf.o)
    0x080004bc   0x080004bc   0x0000004e   Code   RO         7320    .text               c_w.l(_printf_pad.o)
    0x0800050a   0x0800050a   0x00000052   Code   RO         7322    .text               c_w.l(_printf_str.o)
    0x0800055c   0x0800055c   0x00000078   Code   RO         7324    .text               c_w.l(_printf_dec.o)
    0x080005d4   0x080005d4   0x00000094   Code   RO         7344    .text               c_w.l(_printf_hex_int_ll_ptr.o)
    0x08000668   0x08000668   0x00000188   Code   RO         7364    .text               c_w.l(__printf_flags_ss_wp.o)
    0x080007f0   0x080007f0   0x0000003c   Code   RO         7371    .text               c_w.l(__0sscanf.o)
    0x0800082c   0x0800082c   0x0000014c   Code   RO         7373    .text               c_w.l(_scanf_int.o)
    0x08000978   0x08000978   0x00000072   Code   RO         7375    .text               c_w.l(strtoul.o)
    0x080009ea   0x080009ea   0x00000016   Code   RO         7377    .text               c_w.l(abort.o)
    0x08000a00   0x08000a00   0x00000058   Code   RO         7379    .text               c_w.l(memcmp.o)
    0x08000a58   0x08000a58   0x0000003e   Code   RO         7381    .text               c_w.l(strlen.o)
    0x08000a96   0x08000a96   0x0000008a   Code   RO         7383    .text               c_w.l(rt_memcpy_v6.o)
    0x08000b20   0x08000b20   0x00000084   Code   RO         7385    .text               c_w.l(rt_memmove_v6.o)
    0x08000ba4   0x08000ba4   0x00000064   Code   RO         7387    .text               c_w.l(rt_memcpy_w.o)
    0x08000c08   0x08000c08   0x00000016   Code   RO         7389    .text               c_w.l(memset.o)
    0x08000c1e   0x08000c1e   0x00000010   Code   RO         7391    .text               c_w.l(aeabi_memset.o)
    0x08000c2e   0x08000c2e   0x00000044   Code   RO         7393    .text               c_w.l(rt_memclr.o)
    0x08000c72   0x08000c72   0x0000004e   Code   RO         7395    .text               c_w.l(rt_memclr_w.o)
    0x08000cc0   0x08000cc0   0x00000080   Code   RO         7397    .text               c_w.l(strcmpv7m.o)
    0x08000d40   0x08000d40   0x00000006   Code   RO         7399    .text               c_w.l(heapauxi.o)
    0x08000d46   0x08000d46   0x00000002   PAD
    0x08000d48   0x08000d48   0x0000000c   Code   RO         7403    .text               c_w.l(sys_exit.o)
    0x08000d54   0x08000d54   0x00000010   Code   RO         7408    .text               c_w.l(rt_ctype_table.o)
    0x08000d64   0x08000d64   0x00000008   Code   RO         7417    .text               c_w.l(rt_heap_descriptor_intlibspace.o)
    0x08000d6c   0x08000d6c   0x00000008   Code   RO         7422    .text               c_w.l(rt_errno_addr_intlibspace.o)
    0x08000d74   0x08000d74   0x00000004   Code   RO         7424    .text               c_w.l(hguard.o)
    0x08000d78   0x08000d78   0x0000008a   Code   RO         7426    .text               c_w.l(init_alloc.o)
    0x08000e02   0x08000e02   0x0000005e   Code   RO         7432    .text               c_w.l(h1_alloc.o)
    0x08000e60   0x08000e60   0x00000024   Code   RO         7446    .text               c_w.l(_printf_truncate.o)
    0x08000e84   0x08000e84   0x000000b2   Code   RO         7448    .text               c_w.l(_printf_intcommon.o)
    0x08000f36   0x08000f36   0x00000028   Code   RO         7450    .text               c_w.l(_printf_charcount.o)
    0x08000f5e   0x08000f5e   0x00000002   PAD
    0x08000f60   0x08000f60   0x00000030   Code   RO         7452    .text               c_w.l(_printf_char_common.o)
    0x08000f90   0x08000f90   0x0000000a   Code   RO         7454    .text               c_w.l(_sputc.o)
    0x08000f9a   0x08000f9a   0x00000010   Code   RO         7456    .text               c_w.l(_snputc.o)
    0x08000faa   0x08000faa   0x0000002c   Code   RO         7458    .text               c_w.l(_printf_char.o)
    0x08000fd6   0x08000fd6   0x00000002   PAD
    0x08000fd8   0x08000fd8   0x000000bc   Code   RO         7460    .text               c_w.l(_printf_wctomb.o)
    0x08001094   0x08001094   0x0000007c   Code   RO         7463    .text               c_w.l(_printf_longlong_dec.o)
    0x08001110   0x08001110   0x00000070   Code   RO         7469    .text               c_w.l(_printf_oct_int_ll.o)
    0x08001180   0x08001180   0x0000001c   Code   RO         7491    .text               c_w.l(_chval.o)
    0x0800119c   0x0800119c   0x0000002c   Code   RO         7493    .text               c_w.l(scanf_char.o)
    0x080011c8   0x080011c8   0x00000040   Code   RO         7495    .text               c_w.l(_sgetc.o)
    0x08001208   0x08001208   0x0000009e   Code   RO         7497    .text               c_w.l(_strtoul.o)
    0x080012a6   0x080012a6   0x0000000e   Code   RO         7499    .text               c_w.l(defsig_abrt_outer.o)
    0x080012b4   0x080012b4   0x0000007a   Code   RO         7503    .text               c_w.l(rt_memmove_w.o)
    0x0800132e   0x0800132e   0x00000002   PAD
    0x08001330   0x08001330   0x00000008   Code   RO         7513    .text               c_w.l(libspace.o)
    0x08001338   0x08001338   0x00000002   Code   RO         7516    .text               c_w.l(use_no_semi.o)
    0x0800133a   0x0800133a   0x00000000   Code   RO         7518    .text               c_w.l(indicate_semi.o)
    0x0800133a   0x0800133a   0x00000002   PAD
    0x0800133c   0x0800133c   0x00000008   Code   RO         7541    .text               c_w.l(rt_locale_intlibspace.o)
    0x08001344   0x08001344   0x0000000e   Code   RO         7545    .text               c_w.l(h1_init.o)
    0x08001352   0x08001352   0x00000034   Code   RO         7547    .text               c_w.l(h1_extend.o)
    0x08001386   0x08001386   0x0000008a   Code   RO         7553    .text               c_w.l(lludiv10.o)
    0x08001410   0x08001410   0x00000012   Code   RO         7555    .text               c_w.l(isspace.o)
    0x08001422   0x08001422   0x0000041e   Code   RO         7557    .text               c_w.l(_printf_fp_dec.o)
    0x08001840   0x08001840   0x000002fc   Code   RO         7559    .text               c_w.l(_printf_fp_hex.o)
    0x08001b3c   0x08001b3c   0x0000002c   Code   RO         7564    .text               c_w.l(_printf_wchar.o)
    0x08001b68   0x08001b68   0x00000374   Code   RO         7566    .text               c_w.l(_scanf.o)
    0x08001edc   0x08001edc   0x00000040   Code   RO         7568    .text               c_w.l(_wcrtomb.o)
    0x08001f1c   0x08001f1c   0x0000000a   Code   RO         7573    .text               c_w.l(defsig_exit.o)
    0x08001f26   0x08001f26   0x00000002   PAD
    0x08001f28   0x08001f28   0x00000030   Code   RO         7575    .text               c_w.l(defsig_abrt_inner.o)
    0x08001f58   0x08001f58   0x0000000e   Code   RO         7577    .text               c_w.l(defsig_rtmem_outer.o)
    0x08001f66   0x08001f66   0x0000004a   Code   RO         7633    .text               c_w.l(sys_stackheap_outer.o)
    0x08001fb0   0x08001fb0   0x00000080   Code   RO         7639    .text               c_w.l(_printf_fp_infnan.o)
    0x08002030   0x08002030   0x000000e4   Code   RO         7641    .text               c_w.l(bigflt0.o)
    0x08002114   0x08002114   0x00000012   Code   RO         7669    .text               c_w.l(exit.o)
    0x08002126   0x08002126   0x00000032   Code   RO         7673    .text               c_w.l(defsig_general.o)
    0x08002158   0x08002158   0x00000050   Code   RO         7679    .text               c_w.l(defsig_rtmem_inner.o)
    0x080021a8   0x080021a8   0x0000000e   Code   RO         7696    .text               c_w.l(sys_wrch.o)
    0x080021b6   0x080021b6   0x0000003e   Code   RO         7644    CL$$btod_d2e        c_w.l(btod.o)
    0x080021f4   0x080021f4   0x00000046   Code   RO         7646    CL$$btod_d2e_denorm_low  c_w.l(btod.o)
    0x0800223a   0x0800223a   0x00000060   Code   RO         7645    CL$$btod_d2e_norm_op1  c_w.l(btod.o)
    0x0800229a   0x0800229a   0x00000338   Code   RO         7654    CL$$btod_div_common  c_w.l(btod.o)
    0x080025d2   0x080025d2   0x000000dc   Code   RO         7651    CL$$btod_e2e        c_w.l(btod.o)
    0x080026ae   0x080026ae   0x0000002a   Code   RO         7648    CL$$btod_ediv       c_w.l(btod.o)
    0x080026d8   0x080026d8   0x0000002a   Code   RO         7647    CL$$btod_emul       c_w.l(btod.o)
    0x08002702   0x08002702   0x00000244   Code   RO         7653    CL$$btod_mult_common  c_w.l(btod.o)
    0x08002946   0x08002946   0x00000002   PAD
    0x08002948   0x08002948   0x000001e4   Code   RO         3181    i.BootLoader_Brance  boot.o
    0x08002b2c   0x08002b2c   0x000002b4   Code   RO         3182    i.BootLoader_Event  boot.o
    0x08002de0   0x08002de0   0x00000134   Code   RO         3183    i.BootLoader_Menu   boot.o
    0x08002f14   0x08002f14   0x0000077c   Code   RO         3184    i.BootLoader_State  boot.o
    0x08003690   0x08003690   0x00000264   Code   RO         3432    i.Boot_ApplyDeltaFromW25Q64  bootdelta.o
    0x080038f4   0x080038f4   0x000000e4   Code   RO         3381    i.Boot_DecryptW25Q64ToMcu  bootcrypto.o
    0x080039d8   0x080039d8   0x0000013c   Code   RO         3382    i.Boot_DeriveAesKey  bootcrypto.o
    0x08003b14   0x08003b14   0x00000048   Code   RO         3383    i.Boot_EcdhRng      bootcrypto.o
    0x08003b5c   0x08003b5c   0x00000010   Code   RO         3185    i.Boot_GetActiveSlot  boot.o
    0x08003b6c   0x08003b6c   0x00000010   Code   RO         3186    i.Boot_GetInactiveSlot  boot.o
    0x08003b7c   0x08003b7c   0x0000000c   Code   RO         3187    i.Boot_GetSlotStartSector  boot.o
    0x08003b88   0x08003b88   0x00000074   Code   RO         3318    i.Boot_ParseOtaHeader  bootota.o
    0x08003bfc   0x08003bfc   0x00000058   Code   RO         3319    i.Boot_ReadW25Q64Bytes  bootota.o
    0x08003c54   0x08003c54   0x00000048   Code   RO         3320    i.Boot_ResetVerifyState  bootota.o
    0x08003c9c   0x08003c9c   0x00000154   Code   RO         3322    i.Boot_VerifySignatureFromW25Q64  bootota.o
    0x08003df0   0x08003df0   0x00000002   Code   RO          452    i.BusFault_Handler  stm32f4xx_it.o
    0x08003df2   0x08003df2   0x00000002   PAD
    0x08003df4   0x08003df4   0x0000000c   Code   RO          453    i.DMA1_Stream1_IRQHandler  stm32f4xx_it.o
    0x08003e00   0x08003e00   0x00000028   Code   RO         1477    i.DMA_CalcBaseAndBitshift  stm32f4xx_hal_dma.o
    0x08003e28   0x08003e28   0x00000054   Code   RO         1478    i.DMA_CheckFifoParam  stm32f4xx_hal_dma.o
    0x08003e7c   0x08003e7c   0x00000028   Code   RO         1479    i.DMA_SetConfig     stm32f4xx_hal_dma.o
    0x08003ea4   0x08003ea4   0x00000002   Code   RO          454    i.DebugMon_Handler  stm32f4xx_it.o
    0x08003ea6   0x08003ea6   0x00000078   Code   RO         3433    i.Delta_FlushWrite  bootdelta.o
    0x08003f1e   0x08003f1e   0x00000092   Code   RO         3434    i.Delta_ReadDiff    bootdelta.o
    0x08003fb0   0x08003fb0   0x00000044   Code   RO         3435    i.Delta_ReadDiffTuz  bootdelta.o
    0x08003ff4   0x08003ff4   0x0000001a   Code   RO         3436    i.Delta_ReadDiffTuzRaw  bootdelta.o
    0x0800400e   0x0800400e   0x00000014   Code   RO         3437    i.Delta_ReadOld     bootdelta.o
    0x08004022   0x08004022   0x00000002   PAD
    0x08004024   0x08004024   0x00000058   Code   RO         3438    i.Delta_WriteNew    bootdelta.o
    0x0800407c   0x0800407c   0x00000004   Code   RO           13    i.Error_Handler     main.o
    0x08004080   0x08004080   0x00000050   Code   RO         1292    i.FLASH_Erase_Sector  stm32f4xx_hal_flash_ex.o
    0x080040d0   0x080040d0   0x00000054   Code   RO         1293    i.FLASH_FlushCaches  stm32f4xx_hal_flash_ex.o
    0x08004124   0x08004124   0x00000028   Code   RO         1294    i.FLASH_MassErase   stm32f4xx_hal_flash_ex.o
    0x0800414c   0x0800414c   0x00000020   Code   RO         1174    i.FLASH_Program_Byte  stm32f4xx_hal_flash.o
    0x0800416c   0x0800416c   0x0000002c   Code   RO         1175    i.FLASH_Program_DoubleWord  stm32f4xx_hal_flash.o
    0x08004198   0x08004198   0x00000024   Code   RO         1176    i.FLASH_Program_HalfWord  stm32f4xx_hal_flash.o
    0x080041bc   0x080041bc   0x00000024   Code   RO         1177    i.FLASH_Program_Word  stm32f4xx_hal_flash.o
    0x080041e0   0x080041e0   0x00000068   Code   RO         1178    i.FLASH_SetErrorCode  stm32f4xx_hal_flash.o
    0x08004248   0x08004248   0x00000050   Code   RO         1179    i.FLASH_WaitForLastOperation  stm32f4xx_hal_flash.o
    0x08004298   0x08004298   0x00000092   Code   RO         1480    i.HAL_DMA_Abort     stm32f4xx_hal_dma.o
    0x0800432a   0x0800432a   0x00000024   Code   RO         1481    i.HAL_DMA_Abort_IT  stm32f4xx_hal_dma.o
    0x0800434e   0x0800434e   0x00000062   Code   RO         1482    i.HAL_DMA_DeInit    stm32f4xx_hal_dma.o
    0x080043b0   0x080043b0   0x000001a0   Code   RO         1485    i.HAL_DMA_IRQHandler  stm32f4xx_hal_dma.o
    0x08004550   0x08004550   0x000000d4   Code   RO         1486    i.HAL_DMA_Init      stm32f4xx_hal_dma.o
    0x08004624   0x08004624   0x0000006e   Code   RO         1490    i.HAL_DMA_Start_IT  stm32f4xx_hal_dma.o
    0x08004692   0x08004692   0x00000002   PAD
    0x08004694   0x08004694   0x00000024   Code   RO         1917    i.HAL_Delay         stm32f4xx_hal.o
    0x080046b8   0x080046b8   0x00000098   Code   RO         1295    i.HAL_FLASHEx_Erase  stm32f4xx_hal_flash_ex.o
    0x08004750   0x08004750   0x00000014   Code   RO         1183    i.HAL_FLASH_Lock    stm32f4xx_hal_flash.o
    0x08004764   0x08004764   0x0000007c   Code   RO         1188    i.HAL_FLASH_Program  stm32f4xx_hal_flash.o
    0x080047e0   0x080047e0   0x0000002c   Code   RO         1190    i.HAL_FLASH_Unlock  stm32f4xx_hal_flash.o
    0x0800480c   0x0800480c   0x00000168   Code   RO         1370    i.HAL_GPIO_DeInit   stm32f4xx_hal_gpio.o
    0x08004974   0x08004974   0x000001f0   Code   RO         1373    i.HAL_GPIO_Init     stm32f4xx_hal_gpio.o
    0x08004b64   0x08004b64   0x0000000a   Code   RO         1377    i.HAL_GPIO_WritePin  stm32f4xx_hal_gpio.o
    0x08004b6e   0x08004b6e   0x00000002   PAD
    0x08004b70   0x08004b70   0x0000000c   Code   RO         1923    i.HAL_GetTick       stm32f4xx_hal.o
    0x08004b7c   0x08004b7c   0x00000010   Code   RO         1929    i.HAL_IncTick       stm32f4xx_hal.o
    0x08004b8c   0x08004b8c   0x00000034   Code   RO         1930    i.HAL_Init          stm32f4xx_hal.o
    0x08004bc0   0x08004bc0   0x00000040   Code   RO         1931    i.HAL_InitTick      stm32f4xx_hal.o
    0x08004c00   0x08004c00   0x00000030   Code   RO          539    i.HAL_MspInit       stm32f4xx_hal_msp.o
    0x08004c30   0x08004c30   0x00000022   Code   RO         1764    i.HAL_NVIC_DisableIRQ  stm32f4xx_hal_cortex.o
    0x08004c52   0x08004c52   0x0000001a   Code   RO         1765    i.HAL_NVIC_EnableIRQ  stm32f4xx_hal_cortex.o
    0x08004c6c   0x08004c6c   0x00000040   Code   RO         1771    i.HAL_NVIC_SetPriority  stm32f4xx_hal_cortex.o
    0x08004cac   0x08004cac   0x00000024   Code   RO         1772    i.HAL_NVIC_SetPriorityGrouping  stm32f4xx_hal_cortex.o
    0x08004cd0   0x08004cd0   0x00000024   Code   RO         1773    i.HAL_NVIC_SystemReset  stm32f4xx_hal_cortex.o
    0x08004cf4   0x08004cf4   0x00000134   Code   RO         1019    i.HAL_RCC_ClockConfig  stm32f4xx_hal_rcc.o
    0x08004e28   0x08004e28   0x00000020   Code   RO         1026    i.HAL_RCC_GetPCLK1Freq  stm32f4xx_hal_rcc.o
    0x08004e48   0x08004e48   0x00000020   Code   RO         1027    i.HAL_RCC_GetPCLK2Freq  stm32f4xx_hal_rcc.o
    0x08004e68   0x08004e68   0x00000060   Code   RO         1028    i.HAL_RCC_GetSysClockFreq  stm32f4xx_hal_rcc.o
    0x08004ec8   0x08004ec8   0x0000036c   Code   RO         1031    i.HAL_RCC_OscConfig  stm32f4xx_hal_rcc.o
    0x08005234   0x08005234   0x0000007e   Code   RO         2170    i.HAL_RNG_GenerateRandomNumber  stm32f4xx_hal_rng.o
    0x080052b2   0x080052b2   0x00000032   Code   RO         2177    i.HAL_RNG_Init      stm32f4xx_hal_rng.o
    0x080052e4   0x080052e4   0x00000028   Code   RO          327    i.HAL_RNG_MspInit   rng.o
    0x0800530c   0x0800530c   0x000000bc   Code   RO         2281    i.HAL_SPI_Init      stm32f4xx_hal_spi.o
    0x080053c8   0x080053c8   0x0000002c   Code   RO          368    i.HAL_SPI_MspDeInit  spi.o
    0x080053f4   0x080053f4   0x0000006c   Code   RO          369    i.HAL_SPI_MspInit   spi.o
    0x08005460   0x08005460   0x00000154   Code   RO         2284    i.HAL_SPI_Receive   stm32f4xx_hal_spi.o
    0x080055b4   0x080055b4   0x00000166   Code   RO         2289    i.HAL_SPI_Transmit  stm32f4xx_hal_spi.o
    0x0800571a   0x0800571a   0x000001f0   Code   RO         2290    i.HAL_SPI_TransmitReceive  stm32f4xx_hal_spi.o
    0x0800590a   0x0800590a   0x00000028   Code   RO         1776    i.HAL_SYSTICK_Config  stm32f4xx_hal_cortex.o
    0x08005932   0x08005932   0x0000004a   Code   RO         2602    i.HAL_UARTEx_ReceiveToIdle_DMA  stm32f4xx_hal_uart.o
    0x0800597c   0x0800597c   0x00000044   Code   RO         2993    i.HAL_UARTEx_RxEventCallback  uart.o
    0x080059c0   0x080059c0   0x00000070   Code   RO         2616    i.HAL_UART_DMAStop  stm32f4xx_hal_uart.o
    0x08005a30   0x08005a30   0x00000002   Code   RO         2618    i.HAL_UART_ErrorCallback  stm32f4xx_hal_uart.o
    0x08005a32   0x08005a32   0x00000002   PAD
    0x08005a34   0x08005a34   0x00000280   Code   RO         2621    i.HAL_UART_IRQHandler  stm32f4xx_hal_uart.o
    0x08005cb4   0x08005cb4   0x00000064   Code   RO         2622    i.HAL_UART_Init     stm32f4xx_hal_uart.o
    0x08005d18   0x08005d18   0x00000040   Code   RO          410    i.HAL_UART_MspDeInit  usart.o
    0x08005d58   0x08005d58   0x000000b4   Code   RO          411    i.HAL_UART_MspInit  usart.o
    0x08005e0c   0x08005e0c   0x00000002   Code   RO         2628    i.HAL_UART_RxCpltCallback  stm32f4xx_hal_uart.o
    0x08005e0e   0x08005e0e   0x00000002   Code   RO         2629    i.HAL_UART_RxHalfCpltCallback  stm32f4xx_hal_uart.o
    0x08005e10   0x08005e10   0x000000a0   Code   RO         2630    i.HAL_UART_Transmit  stm32f4xx_hal_uart.o
    0x08005eb0   0x08005eb0   0x00000002   Code   RO         2633    i.HAL_UART_TxCpltCallback  stm32f4xx_hal_uart.o
    0x08005eb2   0x08005eb2   0x00000002   Code   RO          455    i.HardFault_Handler  stm32f4xx_it.o
    0x08005eb4   0x08005eb4   0x00000074   Code   RO         3062    i.MCU_EraseFlash    flash.o
    0x08005f28   0x08005f28   0x0000007c   Code   RO         3064    i.MCU_WriteFlash    flash.o
    0x08005fa4   0x08005fa4   0x0000002c   Code   RO          302    i.MX_DMA_Init       dma.o
    0x08005fd0   0x08005fd0   0x00000090   Code   RO          274    i.MX_GPIO_Init      gpio.o
    0x08006060   0x08006060   0x00000038   Code   RO         3675    i.MX_MBEDTLS_Init   mbedtls.o
    0x08006098   0x08006098   0x00000024   Code   RO          328    i.MX_RNG_Init       rng.o
    0x080060bc   0x080060bc   0x00000044   Code   RO          370    i.MX_SPI3_Init      spi.o
    0x08006100   0x08006100   0x00000038   Code   RO          412    i.MX_USART3_UART_Init  usart.o
    0x08006138   0x08006138   0x00000002   Code   RO          456    i.MemManage_Handler  stm32f4xx_it.o
    0x0800613a   0x0800613a   0x00000002   Code   RO          457    i.NMI_Handler       stm32f4xx_it.o
    0x0800613c   0x0800613c   0x00000002   Code   RO          458    i.PendSV_Handler    stm32f4xx_it.o
    0x0800613e   0x0800613e   0x00000002   PAD
    0x08006140   0x08006140   0x00000040   Code   RO         2995    i.RingBuffer_Get    uart.o
    0x08006180   0x08006180   0x00000064   Code   RO         2996    i.RingBuffer_Put    uart.o
    0x080061e4   0x080061e4   0x0000005c   Code   RO         2318    i.SPI_EndRxTransaction  stm32f4xx_hal_spi.o
    0x08006240   0x08006240   0x0000006c   Code   RO         2319    i.SPI_EndRxTxTransaction  stm32f4xx_hal_spi.o
    0x080062ac   0x080062ac   0x000000bc   Code   RO         2324    i.SPI_WaitFlagStateUntilTimeout  stm32f4xx_hal_spi.o
    0x08006368   0x08006368   0x00000002   Code   RO          459    i.SVC_Handler       stm32f4xx_it.o
    0x0800636a   0x0800636a   0x00000004   Code   RO          460    i.SysTick_Handler   stm32f4xx_it.o
    0x0800636e   0x0800636e   0x00000002   PAD
    0x08006370   0x08006370   0x00000094   Code   RO           14    i.SystemClock_Config  main.o
    0x08006404   0x08006404   0x00000010   Code   RO         2956    i.SystemInit        system_stm32f4xx.o
    0x08006414   0x08006414   0x0000000e   Code   RO         2635    i.UART_DMAAbortOnError  stm32f4xx_hal_uart.o
    0x08006422   0x08006422   0x0000004a   Code   RO         2636    i.UART_DMAError     stm32f4xx_hal_uart.o
    0x0800646c   0x0800646c   0x00000086   Code   RO         2637    i.UART_DMAReceiveCplt  stm32f4xx_hal_uart.o
    0x080064f2   0x080064f2   0x0000001e   Code   RO         2639    i.UART_DMARxHalfCplt  stm32f4xx_hal_uart.o
    0x08006510   0x08006510   0x0000004e   Code   RO         2645    i.UART_EndRxTransfer  stm32f4xx_hal_uart.o
    0x0800655e   0x0800655e   0x0000001c   Code   RO         2646    i.UART_EndTxTransfer  stm32f4xx_hal_uart.o
    0x0800657a   0x0800657a   0x000000c2   Code   RO         2647    i.UART_Receive_IT   stm32f4xx_hal_uart.o
    0x0800663c   0x0800663c   0x0000010c   Code   RO         2648    i.UART_SetConfig    stm32f4xx_hal_uart.o
    0x08006748   0x08006748   0x000000a0   Code   RO         2649    i.UART_Start_Receive_DMA  stm32f4xx_hal_uart.o
    0x080067e8   0x080067e8   0x00000072   Code   RO         2651    i.UART_WaitOnFlagUntilTimeout  stm32f4xx_hal_uart.o
    0x0800685a   0x0800685a   0x00000002   PAD
    0x0800685c   0x0800685c   0x0000000c   Code   RO          461    i.USART3_IRQHandler  stm32f4xx_it.o
    0x08006868   0x08006868   0x0000003c   Code   RO         2997    i.Uart_Init         uart.o
    0x080068a4   0x080068a4   0x00000044   Code   RO         2998    i.Uart_Printf       uart.o
    0x080068e8   0x080068e8   0x00000002   Code   RO          462    i.UsageFault_Handler  stm32f4xx_it.o
    0x080068ea   0x080068ea   0x00000002   PAD
    0x080068ec   0x080068ec   0x00000054   Code   RO         3098    i.W25Q64_EraseBlock  w25q64.o
    0x08006940   0x08006940   0x00000054   Code   RO         3099    i.W25Q64_EraseSector  w25q64.o
    0x08006994   0x08006994   0x00000058   Code   RO         3102    i.W25Q64_ReadBytes  w25q64.o
    0x080069ec   0x080069ec   0x0000005c   Code   RO         3103    i.W25Q64_ReadData   w25q64.o
    0x08006a48   0x08006a48   0x00000020   Code   RO         3104    i.W25Q64_ReadOTAInfo  w25q64.o
    0x08006a68   0x08006a68   0x00000050   Code   RO         3105    i.W25Q64_WaitForWriteEnd  w25q64.o
    0x08006ab8   0x08006ab8   0x00000080   Code   RO         3106    i.W25Q64_WriteBytes  w25q64.o
    0x08006b38   0x08006b38   0x0000003c   Code   RO         3107    i.W25Q64_WriteEnable  w25q64.o
    0x08006b74   0x08006b74   0x0000001c   Code   RO         3108    i.W25Q64_WriteOTAInfo  w25q64.o
    0x08006b90   0x08006b90   0x0000003a   Code   RO         3267    i.Ymodem_CRC16      ymodem.o
    0x08006bca   0x08006bca   0x0000005c   Code   RO         3268    i.Ymodem_CheckPacket  ymodem.o
    0x08006c26   0x08006c26   0x00000002   PAD
    0x08006c28   0x08006c28   0x00000064   Code   RO         3269    i.Ymodem_Finalize   ymodem.o
    0x08006c8c   0x08006c8c   0x0000004c   Code   RO         3270    i.Ymodem_ParseHeader  ymodem.o
    0x08006cd8   0x08006cd8   0x00000012   Code   RO         3271    i.Ymodem_WriteBlock  ymodem.o
    0x08006cea   0x08006cea   0x00000030   Code   RO         7694    i.__ARM_fpclassify  m_wm.l(fpclassify.o)
    0x08006d1a   0x08006d1a   0x00000020   Code   RO         1778    i.__NVIC_SetPriority  stm32f4xx_hal_cortex.o
    0x08006d3a   0x08006d3a   0x00000046   Code   RO         3600    i._cache_read_1byte  tuz_dec.o
    0x08006d80   0x08006d80   0x00000038   Code   RO         3601    i._cache_read_lowbits  tuz_dec.o
    0x08006db8   0x08006db8   0x00000020   Code   RO         3516    i._cache_unpackUInt  hpatch_lite.o
    0x08006dd8   0x08006dd8   0x0000001e   Code   RO         3602    i._cache_unpack_pos_len  tuz_dec.o
    0x08006df6   0x08006df6   0x00000014   Code   RO         3603    i._dict_write_byte  tuz_dec.o
    0x08006e0a   0x08006e0a   0x00000022   Code   RO         3520    i._hpi_cache_read_1byte  hpatch_lite.o
    0x08006e2c   0x08006e2c   0x00000034   Code   RO         3521    i._hpi_cache_update  hpatch_lite.o
    0x08006e60   0x08006e60   0x00000012   Code   RO         3522    i._hpi_readSize     hpatch_lite.o
    0x08006e72   0x08006e72   0x0000000e   Code   RO         7357    i._is_digit         c_w.l(__printf_wp.o)
    0x08006e80   0x08006e80   0x0000008a   Code   RO         3523    i._patch_add_old_withClip  hpatch_lite.o
    0x08006f0a   0x08006f0a   0x0000001a   Code   RO         5287    i.add32             ecp_curves.o
    0x08006f24   0x08006f24   0x0000005c   Code   RO         4880    i.derive_mpi        ecdsa.o
    0x08006f80   0x08006f80   0x00000016   Code   RO         6007    i.ecdsa_alloc_wrap  pk_wrap.o
    0x08006f96   0x08006f96   0x0000000c   Code   RO         6008    i.ecdsa_can_do      pk_wrap.o
    0x08006fa2   0x08006fa2   0x00000012   Code   RO         6009    i.ecdsa_free_wrap   pk_wrap.o
    0x08006fb4   0x08006fb4   0x00000174   Code   RO         4881    i.ecdsa_sign_restartable  ecdsa.o
    0x08007128   0x08007128   0x0000001a   Code   RO         6010    i.ecdsa_sign_wrap   pk_wrap.o
    0x08007142   0x08007142   0x00000062   Code   RO         4882    i.ecdsa_signature_to_asn1  ecdsa.o
    0x080071a4   0x080071a4   0x00000138   Code   RO         4883    i.ecdsa_verify_restartable  ecdsa.o
    0x080072dc   0x080072dc   0x00000020   Code   RO         6011    i.ecdsa_verify_wrap  pk_wrap.o
    0x080072fc   0x080072fc   0x00000016   Code   RO         6012    i.eckey_alloc_wrap  pk_wrap.o
    0x08007312   0x08007312   0x00000014   Code   RO         6013    i.eckey_can_do      pk_wrap.o
    0x08007326   0x08007326   0x00000004   Code   RO         6014    i.eckey_check_pair  pk_wrap.o
    0x0800732a   0x0800732a   0x00000002   PAD
    0x0800732c   0x0800732c   0x00000018   Code   RO         6015    i.eckey_debug       pk_wrap.o
    0x08007344   0x08007344   0x00000012   Code   RO         6016    i.eckey_free_wrap   pk_wrap.o
    0x08007356   0x08007356   0x00000004   Code   RO         6017    i.eckey_get_bitlen  pk_wrap.o
    0x0800735a   0x0800735a   0x0000004c   Code   RO         6018    i.eckey_sign_wrap   pk_wrap.o
    0x080073a6   0x080073a6   0x00000044   Code   RO         6019    i.eckey_verify_wrap  pk_wrap.o
    0x080073ea   0x080073ea   0x00000010   Code   RO         6020    i.eckeydh_can_do    pk_wrap.o
    0x080073fa   0x080073fa   0x00000002   PAD
    0x080073fc   0x080073fc   0x00000358   Code   RO         4972    i.ecp_add_mixed     ecp.o
    0x08007754   0x08007754   0x00000140   Code   RO         4973    i.ecp_check_pubkey_sw  ecp.o
    0x08007894   0x08007894   0x00000078   Code   RO         4974    i.ecp_comb_recode_core  ecp.o
    0x0800790c   0x0800790c   0x00000094   Code   RO         4975    i.ecp_comb_recode_scalar  ecp.o
    0x080079a0   0x080079a0   0x000002dc   Code   RO         4976    i.ecp_double_add_mxz  ecp.o
    0x08007c7c   0x08007c7c   0x000003d0   Code   RO         4977    i.ecp_double_jac    ecp.o
    0x0800804c   0x0800804c   0x00000014   Code   RO         4978    i.ecp_get_type      ecp.o
    0x08008060   0x08008060   0x00000084   Code   RO         5288    i.ecp_group_load    ecp_curves.o
    0x080080e4   0x080080e4   0x00000444   Code   RO         5289    i.ecp_mod_p256      ecp_curves.o
    0x08008528   0x08008528   0x000000d0   Code   RO         5290    i.ecp_mod_p448      ecp_curves.o
    0x080085f8   0x080085f8   0x00000088   Code   RO         4979    i.ecp_modp          ecp.o
    0x08008680   0x08008680   0x0000000c   Code   RO         5291    i.ecp_mpi_load      ecp_curves.o
    0x0800868c   0x0800868c   0x000000ec   Code   RO         4980    i.ecp_mul_comb      ecp.o
    0x08008778   0x08008778   0x00000096   Code   RO         4981    i.ecp_mul_comb_core  ecp.o
    0x0800880e   0x0800880e   0x00000138   Code   RO         4982    i.ecp_mul_mxz       ecp.o
    0x08008946   0x08008946   0x000000ba   Code   RO         4983    i.ecp_normalize_jac  ecp.o
    0x08008a00   0x08008a00   0x000001ec   Code   RO         4984    i.ecp_normalize_jac_many  ecp.o
    0x08008bec   0x08008bec   0x00000102   Code   RO         4985    i.ecp_precompute_comb  ecp.o
    0x08008cee   0x08008cee   0x00000002   PAD
    0x08008cf0   0x08008cf0   0x00000104   Code   RO         4986    i.ecp_randomize_jac  ecp.o
    0x08008df4   0x08008df4   0x000000a0   Code   RO         4987    i.ecp_randomize_mxz  ecp.o
    0x08008e94   0x08008e94   0x00000044   Code   RO         4988    i.ecp_safe_invert_jac  ecp.o
    0x08008ed8   0x08008ed8   0x00000068   Code   RO         4989    i.ecp_select_comb   ecp.o
    0x08008f40   0x08008f40   0x00000114   Code   RO         5292    i.ecp_use_curve448  ecp_curves.o
    0x08009054   0x08009054   0x000000ba   Code   RO         3524    i.hpatch_lite_open  hpatch_lite.o
    0x0800910e   0x0800910e   0x0000011c   Code   RO         3525    i.hpatch_lite_patch  hpatch_lite.o
    0x0800922a   0x0800922a   0x00000002   PAD
    0x0800922c   0x0800922c   0x0000003c   Code   RO           15    i.main              main.o
    0x08009268   0x08009268   0x0000006c   Code   RO         3690    i.mbedtls_aes_crypt_ctr  aes.o
    0x080092d4   0x080092d4   0x00000018   Code   RO         3691    i.mbedtls_aes_crypt_ecb  aes.o
    0x080092ec   0x080092ec   0x0000000e   Code   RO         3695    i.mbedtls_aes_free  aes.o
    0x080092fa   0x080092fa   0x00000008   Code   RO         3696    i.mbedtls_aes_init  aes.o
    0x08009302   0x08009302   0x00000002   PAD
    0x08009304   0x08009304   0x000001a4   Code   RO         3698    i.mbedtls_aes_setkey_enc  aes.o
    0x080094a8   0x080094a8   0x0000008a   Code   RO         3778    i.mbedtls_asn1_get_alg  asn1parse.o
    0x08009532   0x08009532   0x0000002c   Code   RO         3781    i.mbedtls_asn1_get_bitstring_null  asn1parse.o
    0x0800955e   0x0800955e   0x000000a2   Code   RO         3784    i.mbedtls_asn1_get_len  asn1parse.o
    0x08009600   0x08009600   0x00000026   Code   RO         3785    i.mbedtls_asn1_get_mpi  asn1parse.o
    0x08009626   0x08009626   0x00000028   Code   RO         3787    i.mbedtls_asn1_get_tag  asn1parse.o
    0x0800964e   0x0800964e   0x000000cc   Code   RO         3878    i.mbedtls_asn1_write_len  asn1write.o
    0x0800971a   0x0800971a   0x0000007a   Code   RO         3879    i.mbedtls_asn1_write_mpi  asn1write.o
    0x08009794   0x08009794   0x00000018   Code   RO         3885    i.mbedtls_asn1_write_tag  asn1write.o
    0x080097ac   0x080097ac   0x00000008   Code   RO         4706    i.mbedtls_ctr_drbg_init  ctr_drbg.o
    0x080097b4   0x080097b4   0x00000068   Code   RO         4804    i.mbedtls_ecdh_calc_secret  ecdh.o
    0x0800981c   0x0800981c   0x00000058   Code   RO         4805    i.mbedtls_ecdh_compute_shared  ecdh.o
    0x08009874   0x08009874   0x0000004a   Code   RO         4806    i.mbedtls_ecdh_free  ecdh.o
    0x080098be   0x080098be   0x00000048   Code   RO         4809    i.mbedtls_ecdh_init  ecdh.o
    0x08009906   0x08009906   0x0000000a   Code   RO         4884    i.mbedtls_ecdsa_free  ecdsa.o
    0x08009910   0x08009910   0x00000038   Code   RO         4885    i.mbedtls_ecdsa_from_keypair  ecdsa.o
    0x08009948   0x08009948   0x00000004   Code   RO         4887    i.mbedtls_ecdsa_init  ecdsa.o
    0x0800994c   0x0800994c   0x00000010   Code   RO         4888    i.mbedtls_ecdsa_read_signature  ecdsa.o
    0x0800995c   0x0800995c   0x0000009c   Code   RO         4889    i.mbedtls_ecdsa_read_signature_restartable  ecdsa.o
    0x080099f8   0x080099f8   0x0000001c   Code   RO         4892    i.mbedtls_ecdsa_write_signature  ecdsa.o
    0x08009a14   0x08009a14   0x0000005c   Code   RO         4893    i.mbedtls_ecdsa_write_signature_restartable  ecdsa.o
    0x08009a70   0x08009a70   0x0000007c   Code   RO         4990    i.mbedtls_ecp_check_privkey  ecp.o
    0x08009aec   0x08009aec   0x000000b0   Code   RO         4991    i.mbedtls_ecp_check_pub_priv  ecp.o
    0x08009b9c   0x08009b9c   0x00000058   Code   RO         4992    i.mbedtls_ecp_check_pubkey  ecp.o
    0x08009bf4   0x08009bf4   0x00000030   Code   RO         4993    i.mbedtls_ecp_copy  ecp.o
    0x08009c24   0x08009c24   0x000000ec   Code   RO         5001    i.mbedtls_ecp_gen_privkey  ecp.o
    0x08009d10   0x08009d10   0x00000006   Code   RO         5002    i.mbedtls_ecp_group_copy  ecp.o
    0x08009d16   0x08009d16   0x00000002   PAD
    0x08009d18   0x08009d18   0x00000064   Code   RO         5003    i.mbedtls_ecp_group_free  ecp.o
    0x08009d7c   0x08009d7c   0x00000042   Code   RO         5004    i.mbedtls_ecp_group_init  ecp.o
    0x08009dbe   0x08009dbe   0x00000002   PAD
    0x08009dc0   0x08009dc0   0x00000074   Code   RO         5293    i.mbedtls_ecp_group_load  ecp_curves.o
    0x08009e34   0x08009e34   0x00000014   Code   RO         5006    i.mbedtls_ecp_is_zero  ecp.o
    0x08009e48   0x08009e48   0x00000020   Code   RO         5007    i.mbedtls_ecp_keypair_free  ecp.o
    0x08009e68   0x08009e68   0x0000001c   Code   RO         5008    i.mbedtls_ecp_keypair_init  ecp.o
    0x08009e84   0x08009e84   0x00000012   Code   RO         5009    i.mbedtls_ecp_mul   ecp.o
    0x08009e96   0x08009e96   0x00000002   PAD
    0x08009e98   0x08009e98   0x0000007c   Code   RO         5010    i.mbedtls_ecp_mul_restartable  ecp.o
    0x08009f14   0x08009f14   0x00000070   Code   RO         5011    i.mbedtls_ecp_mul_shortcuts  ecp.o
    0x08009f84   0x08009f84   0x0000007c   Code   RO         5013    i.mbedtls_ecp_muladd_restartable  ecp.o
    0x0800a000   0x0800a000   0x00000020   Code   RO         5015    i.mbedtls_ecp_point_free  ecp.o
    0x0800a020   0x0800a020   0x0000001c   Code   RO         5016    i.mbedtls_ecp_point_init  ecp.o
    0x0800a03c   0x0800a03c   0x0000007c   Code   RO         5017    i.mbedtls_ecp_point_read_binary  ecp.o
    0x0800a0b8   0x0800a0b8   0x0000002c   Code   RO         5020    i.mbedtls_ecp_set_zero  ecp.o
    0x0800a0e4   0x0800a0e4   0x0000001c   Code   RO         5343    i.mbedtls_entropy_init  entropy.o
    0x0800a100   0x0800a100   0x0000004c   Code   RO         5476    i.mbedtls_hkdf      hkdf.o
    0x0800a14c   0x0800a14c   0x000000ec   Code   RO         5477    i.mbedtls_hkdf_expand  hkdf.o
    0x0800a238   0x0800a238   0x0000004c   Code   RO         5478    i.mbedtls_hkdf_extract  hkdf.o
    0x0800a284   0x0800a284   0x000003e0   Code   RO         3699    i.mbedtls_internal_aes_decrypt  aes.o
    0x0800a664   0x0800a664   0x000003e0   Code   RO         3700    i.mbedtls_internal_aes_encrypt  aes.o
    0x0800aa44   0x0800aa44   0x0000083c   Code   RO         6205    i.mbedtls_internal_sha256_process  sha256.o
    0x0800b280   0x0800b280   0x00000036   Code   RO         5506    i.mbedtls_md_free   md.o
    0x0800b2b6   0x0800b2b6   0x00000008   Code   RO         5508    i.mbedtls_md_get_size  md.o
    0x0800b2be   0x0800b2be   0x00000002   PAD
    0x0800b2c0   0x0800b2c0   0x00000064   Code   RO         5510    i.mbedtls_md_hmac   md.o
    0x0800b324   0x0800b324   0x00000068   Code   RO         5511    i.mbedtls_md_hmac_finish  md.o
    0x0800b38c   0x0800b38c   0x000000bc   Code   RO         5513    i.mbedtls_md_hmac_starts  md.o
    0x0800b448   0x0800b448   0x00000020   Code   RO         5514    i.mbedtls_md_hmac_update  md.o
    0x0800b468   0x0800b468   0x0000001c   Code   RO         5516    i.mbedtls_md_info_from_type  md.o
    0x0800b484   0x0800b484   0x0000000a   Code   RO         5517    i.mbedtls_md_init   md.o
    0x0800b48e   0x0800b48e   0x00000002   PAD
    0x0800b490   0x0800b490   0x00000044   Code   RO         5521    i.mbedtls_md_setup  md.o
    0x0800b4d4   0x0800b4d4   0x000000b6   Code   RO         3999    i.mbedtls_mpi_add_abs  bignum.o
    0x0800b58a   0x0800b58a   0x00000002   PAD
    0x0800b58c   0x0800b58c   0x00000030   Code   RO         4000    i.mbedtls_mpi_add_int  bignum.o
    0x0800b5bc   0x0800b5bc   0x0000004e   Code   RO         4001    i.mbedtls_mpi_add_mpi  bignum.o
    0x0800b60a   0x0800b60a   0x0000003e   Code   RO         4002    i.mbedtls_mpi_bitlen  bignum.o
    0x0800b648   0x0800b648   0x00000064   Code   RO         4003    i.mbedtls_mpi_cmp_abs  bignum.o
    0x0800b6ac   0x0800b6ac   0x00000030   Code   RO         4004    i.mbedtls_mpi_cmp_int  bignum.o
    0x0800b6dc   0x0800b6dc   0x0000008c   Code   RO         4005    i.mbedtls_mpi_cmp_mpi  bignum.o
    0x0800b768   0x0800b768   0x00000064   Code   RO         4006    i.mbedtls_mpi_copy  bignum.o
    0x0800b7cc   0x0800b7cc   0x0000031e   Code   RO         4008    i.mbedtls_mpi_div_mpi  bignum.o
    0x0800baea   0x0800baea   0x00000060   Code   RO         4010    i.mbedtls_mpi_fill_random  bignum.o
    0x0800bb4a   0x0800bb4a   0x00000022   Code   RO         4011    i.mbedtls_mpi_free  bignum.o
    0x0800bb6c   0x0800bb6c   0x00000100   Code   RO         4012    i.mbedtls_mpi_gcd   bignum.o
    0x0800bc6c   0x0800bc6c   0x00000020   Code   RO         4013    i.mbedtls_mpi_get_bit  bignum.o
    0x0800bc8c   0x0800bc8c   0x00000050   Code   RO         4014    i.mbedtls_mpi_grow  bignum.o
    0x0800bcdc   0x0800bcdc   0x0000000c   Code   RO         4015    i.mbedtls_mpi_init  bignum.o
    0x0800bce8   0x0800bce8   0x00000268   Code   RO         4016    i.mbedtls_mpi_inv_mod  bignum.o
    0x0800bf50   0x0800bf50   0x0000002e   Code   RO         4017    i.mbedtls_mpi_lsb   bignum.o
    0x0800bf7e   0x0800bf7e   0x00000002   PAD
    0x0800bf80   0x0800bf80   0x0000003a   Code   RO         4018    i.mbedtls_mpi_lset  bignum.o
    0x0800bfba   0x0800bfba   0x00000062   Code   RO         4020    i.mbedtls_mpi_mod_mpi  bignum.o
    0x0800c01c   0x0800c01c   0x00000018   Code   RO         4021    i.mbedtls_mpi_mul_int  bignum.o
    0x0800c034   0x0800c034   0x000000c2   Code   RO         4022    i.mbedtls_mpi_mul_mpi  bignum.o
    0x0800c0f6   0x0800c0f6   0x00000062   Code   RO         4023    i.mbedtls_mpi_read_binary  bignum.o
    0x0800c158   0x0800c158   0x00000118   Code   RO         4024    i.mbedtls_mpi_read_string  bignum.o
    0x0800c270   0x0800c270   0x0000006c   Code   RO         4025    i.mbedtls_mpi_safe_cond_assign  bignum.o
    0x0800c2dc   0x0800c2dc   0x0000008a   Code   RO         4026    i.mbedtls_mpi_safe_cond_swap  bignum.o
    0x0800c366   0x0800c366   0x00000056   Code   RO         4027    i.mbedtls_mpi_set_bit  bignum.o
    0x0800c3bc   0x0800c3bc   0x0000009e   Code   RO         4028    i.mbedtls_mpi_shift_l  bignum.o
    0x0800c45a   0x0800c45a   0x00000002   PAD
    0x0800c45c   0x0800c45c   0x00000082   Code   RO         4029    i.mbedtls_mpi_shift_r  bignum.o
    0x0800c4de   0x0800c4de   0x0000006c   Code   RO         4030    i.mbedtls_mpi_shrink  bignum.o
    0x0800c54a   0x0800c54a   0x0000000c   Code   RO         4031    i.mbedtls_mpi_size  bignum.o
    0x0800c556   0x0800c556   0x0000006e   Code   RO         4032    i.mbedtls_mpi_sub_abs  bignum.o
    0x0800c5c4   0x0800c5c4   0x00000030   Code   RO         4033    i.mbedtls_mpi_sub_int  bignum.o
    0x0800c5f4   0x0800c5f4   0x00000050   Code   RO         4034    i.mbedtls_mpi_sub_mpi  bignum.o
    0x0800c644   0x0800c644   0x00000068   Code   RO         4036    i.mbedtls_mpi_write_binary  bignum.o
    0x0800c6ac   0x0800c6ac   0x00000006   Code   RO         4038    i.mbedtls_mpi_zeroize  bignum.o
    0x0800c6b2   0x0800c6b2   0x00000002   PAD
    0x0800c6b4   0x0800c6b4   0x00000040   Code   RO         5718    i.mbedtls_oid_get_ec_grp  oid.o
    0x0800c6f4   0x0800c6f4   0x00000040   Code   RO         5727    i.mbedtls_oid_get_pk_alg  oid.o
    0x0800c734   0x0800c734   0x0000001e   Code   RO         5837    i.mbedtls_pk_free   pk.o
    0x0800c752   0x0800c752   0x00000002   PAD
    0x0800c754   0x0800c754   0x00000028   Code   RO         5841    i.mbedtls_pk_info_from_type  pk.o
    0x0800c77c   0x0800c77c   0x00000008   Code   RO         5842    i.mbedtls_pk_init   pk.o
    0x0800c784   0x0800c784   0x0000001c   Code   RO         5953    i.mbedtls_pk_parse_public_key  pkparse.o
    0x0800c7a0   0x0800c7a0   0x000000b8   Code   RO         5954    i.mbedtls_pk_parse_subpubkey  pkparse.o
    0x0800c858   0x0800c858   0x0000002c   Code   RO         5843    i.mbedtls_pk_setup  pk.o
    0x0800c884   0x0800c884   0x00000012   Code   RO         5846    i.mbedtls_pk_verify  pk.o
    0x0800c896   0x0800c896   0x00000002   PAD
    0x0800c898   0x0800c898   0x0000004c   Code   RO         5848    i.mbedtls_pk_verify_restartable  pk.o
    0x0800c8e4   0x0800c8e4   0x00000010   Code   RO         6128    i.mbedtls_platform_zeroize  platform_util.o
    0x0800c8f4   0x0800c8f4   0x00000006   Code   RO         6207    i.mbedtls_sha256_clone  sha256.o
    0x0800c8fa   0x0800c8fa   0x00000004   Code   RO         6208    i.mbedtls_sha256_finish  sha256.o
    0x0800c8fe   0x0800c8fe   0x00000146   Code   RO         6209    i.mbedtls_sha256_finish_ret  sha256.o
    0x0800ca44   0x0800ca44   0x0000000c   Code   RO         6210    i.mbedtls_sha256_free  sha256.o
    0x0800ca50   0x0800ca50   0x00000006   Code   RO         6211    i.mbedtls_sha256_init  sha256.o
    0x0800ca56   0x0800ca56   0x00000042   Code   RO         6213    i.mbedtls_sha256_ret  sha256.o
    0x0800ca98   0x0800ca98   0x00000004   Code   RO         6214    i.mbedtls_sha256_starts  sha256.o
    0x0800ca9c   0x0800ca9c   0x00000090   Code   RO         6215    i.mbedtls_sha256_starts_ret  sha256.o
    0x0800cb2c   0x0800cb2c   0x00000004   Code   RO         6216    i.mbedtls_sha256_update  sha256.o
    0x0800cb30   0x0800cb30   0x00000074   Code   RO         6217    i.mbedtls_sha256_update_ret  sha256.o
    0x0800cba4   0x0800cba4   0x00000006   Code   RO         6420    i.mbedtls_ssl_config_init  ssl_tls.o
    0x0800cbaa   0x0800cbaa   0x00000006   Code   RO         6439    i.mbedtls_ssl_init  ssl_tls.o
    0x0800cbb0   0x0800cbb0   0x00000008   Code   RO         7102    i.mbedtls_x509_crt_init  x509_crt.o
    0x0800cbb8   0x0800cbb8   0x0000002a   Code   RO         4039    i.mpi_bigendian_to_host  bignum.o
    0x0800cbe2   0x0800cbe2   0x00000036   Code   RO         4040    i.mpi_get_digit     bignum.o
    0x0800cc18   0x0800cc18   0x00000382   Code   RO         4043    i.mpi_mul_hlp       bignum.o
    0x0800cf9a   0x0800cf9a   0x0000004c   Code   RO         4044    i.mpi_sub_hlp       bignum.o
    0x0800cfe6   0x0800cfe6   0x00000020   Code   RO         4045    i.mpi_uint_bigendian_to_host  bignum.o
    0x0800d006   0x0800d006   0x0000002a   Code   RO         5955    i.pk_get_ecpubkey   pkparse.o
    0x0800d030   0x0800d030   0x0000004c   Code   RO         5956    i.pk_get_pk_alg     pkparse.o
    0x0800d07c   0x0800d07c   0x00000020   Code   RO         5849    i.pk_hashlen_helper  pk.o
    0x0800d09c   0x0800d09c   0x0000003c   Code   RO         5959    i.pk_use_ecparams   pkparse.o
    0x0800d0d8   0x0800d0d8   0x00000004   Code   RO         5642    i.sha224_clone_wrap  md_wrap.o
    0x0800d0dc   0x0800d0dc   0x00000016   Code   RO         5643    i.sha224_ctx_alloc  md_wrap.o
    0x0800d0f2   0x0800d0f2   0x00000012   Code   RO         5644    i.sha224_ctx_free   md_wrap.o
    0x0800d104   0x0800d104   0x00000004   Code   RO         5645    i.sha224_finish_wrap  md_wrap.o
    0x0800d108   0x0800d108   0x00000004   Code   RO         5646    i.sha224_process_wrap  md_wrap.o
    0x0800d10c   0x0800d10c   0x00000006   Code   RO         5647    i.sha224_starts_wrap  md_wrap.o
    0x0800d112   0x0800d112   0x00000004   Code   RO         5648    i.sha224_update_wrap  md_wrap.o
    0x0800d116   0x0800d116   0x00000006   Code   RO         5649    i.sha224_wrap       md_wrap.o
    0x0800d11c   0x0800d11c   0x00000006   Code   RO         5650    i.sha256_starts_wrap  md_wrap.o
    0x0800d122   0x0800d122   0x00000006   Code   RO         5651    i.sha256_wrap       md_wrap.o
    0x0800d128   0x0800d128   0x0000001e   Code   RO         5294    i.sub32             ecp_curves.o
    0x0800d146   0x0800d146   0x0000017e   Code   RO         3606    i.tuz_TStream_decompress_partial  tuz_dec.o
    0x0800d2c4   0x0800d2c4   0x00000042   Code   RO         3607    i.tuz_TStream_open  tuz_dec.o
    0x0800d306   0x0800d306   0x00000074   Code   RO         3608    i.tuz_TStream_read_dict_size  tuz_dec.o
    0x0800d37a   0x0800d37a   0x00000002   PAD
    0x0800d37c   0x0800d37c   0x0000002c   Code   RO         7571    locale$$code        c_w.l(lc_ctype_c.o)
    0x0800d3a8   0x0800d3a8   0x0000002c   Code   RO         7667    locale$$code        c_w.l(lc_numeric_c.o)
    0x0800d3d4   0x0800d3d4   0x0000000a   Code   RO         7689    x$fpl$fpinit        fz_wm.l(fpinit.o)
    0x0800d3de   0x0800d3de   0x00000004   Code   RO         7505    x$fpl$printf1       fz_wm.l(printf1.o)
    0x0800d3e2   0x0800d3e2   0x00000004   Code   RO         7507    x$fpl$printf2       fz_wm.l(printf2.o)
    0x0800d3e6   0x0800d3e6   0x00000000   Code   RO         7693    x$fpl$usenofp       fz_wm.l(usenofp.o)
    0x0800d3e6   0x0800d3e6   0x00000008   Data   RO         1492    .constdata          stm32f4xx_hal_dma.o
    0x0800d3ee   0x0800d3ee   0x00000010   Data   RO         2957    .constdata          system_stm32f4xx.o
    0x0800d3fe   0x0800d3fe   0x00000008   Data   RO         2958    .constdata          system_stm32f4xx.o
    0x0800d406   0x0800d406   0x00000020   Data   RO         3385    .constdata          bootcrypto.o
    0x0800d426   0x0800d426   0x00000002   PAD
    0x0800d428   0x0800d428   0x00002228   Data   RO         3701    .constdata          aes.o
    0x0800f650   0x0800f650   0x000000a0   Data   RO         5295    .constdata          ecp_curves.o
    0x0800f6f0   0x0800f6f0   0x00000030   Data   RO         5652    .constdata          md_wrap.o
    0x0800f720   0x0800f720   0x00000030   Data   RO         5653    .constdata          md_wrap.o
    0x0800f750   0x0800f750   0x000003e0   Data   RO         5732    .constdata          oid.o
    0x0800fb30   0x0800fb30   0x00000030   Data   RO         6021    .constdata          pk_wrap.o
    0x0800fb60   0x0800fb60   0x00000030   Data   RO         6022    .constdata          pk_wrap.o
    0x0800fb90   0x0800fb90   0x00000030   Data   RO         6023    .constdata          pk_wrap.o
    0x0800fbc0   0x0800fbc0   0x00000100   Data   RO         6218    .constdata          sha256.o
    0x0800fcc0   0x0800fcc0   0x00000028   Data   RO         7345    .constdata          c_w.l(_printf_hex_int_ll_ptr.o)
    0x0800fce8   0x0800fce8   0x00000011   Data   RO         7365    .constdata          c_w.l(__printf_flags_ss_wp.o)
    0x0800fcf9   0x0800fcf9   0x00000003   PAD
    0x0800fcfc   0x0800fcfc   0x00000008   Data   RO         7461    .constdata          c_w.l(_printf_wctomb.o)
    0x0800fd04   0x0800fd04   0x00000026   Data   RO         7560    .constdata          c_w.l(_printf_fp_hex.o)
    0x0800fd2a   0x0800fd2a   0x00000002   PAD
    0x0800fd2c   0x0800fd2c   0x00000094   Data   RO         7642    .constdata          c_w.l(bigflt0.o)
    0x0800fdc0   0x0800fdc0   0x0000008e   Data   RO         3189    .conststring        boot.o
    0x0800fe4e   0x0800fe4e   0x00000002   PAD
    0x0800fe50   0x0800fe50   0x00000773   Data   RO         5733    .conststring        oid.o
    0x080105c3   0x080105c3   0x00000001   PAD
    0x080105c4   0x080105c4   0x00000003   Data   RO         6024    .conststring        pk_wrap.o
    0x080105c7   0x080105c7   0x00000001   PAD
    0x080105c8   0x080105c8   0x00000006   Data   RO         6025    .conststring        pk_wrap.o
    0x080105ce   0x080105ce   0x00000002   PAD
    0x080105d0   0x080105d0   0x00000006   Data   RO         6026    .conststring        pk_wrap.o
    0x080105d6   0x080105d6   0x00000002   PAD
    0x080105d8   0x080105d8   0x00000020   Data   RO         7752    Region$$Table       anon$$obj.o
    0x080105f8   0x080105f8   0x00000110   Data   RO         7570    locale$$data        c_w.l(lc_ctype_c.o)
    0x08010708   0x08010708   0x0000001c   Data   RO         7666    locale$$data        c_w.l(lc_numeric_c.o)


    Execution Region RW_IRAM1 (Exec base: 0x20000000, Load base: 0x08010724, Size: 0x000061f8, Max: 0x0001c000, ABSOLUTE)

    Exec Addr    Load Addr    Size         Type   Attr      Idx    E Section Name        Object

    0x20000000   0x08010724   0x00000001   Data   RW           18    .data               main.o
    0x20000001   0x08010725   0x00000003   PAD
    0x20000004   0x08010728   0x00000020   Data   RW         1191    .data               stm32f4xx_hal_flash.o
    0x20000024   0x08010748   0x0000000c   Data   RW         1937    .data               stm32f4xx_hal.o
    0x20000030   0x08010754   0x00000004   Data   RW         2959    .data               system_stm32f4xx.o
    0x20000034   0x08010758   0x00000004   Data   RW         3001    .data               uart.o
    0x20000038   0x0801075c   0x00000008   Data   RW         3190    .data               boot.o
    0x20000040   0x08010764   0x00000004   Data   RW         5296    .data               ecp_curves.o
    0x20000044   0x08010768   0x00000004   Data   RW         6129    .data               platform_util.o
    0x20000048        -       0x00000018   Zero   RW           16    .bss                main.o
    0x20000060        -       0x00000410   Zero   RW           17    .bss                main.o
    0x20000470        -       0x00000010   Zero   RW          329    .bss                rng.o
    0x20000480        -       0x00000058   Zero   RW          371    .bss                spi.o
    0x200004d8        -       0x000000a8   Zero   RW          413    .bss                usart.o
    0x20000580        -       0x00000018   Zero   RW         2999    .bss                uart.o
    0x20000598        -       0x00001406   Zero   RW         3000    .bss                uart.o
    0x2000199e        -       0x00000406   Zero   RW         3188    .bss                boot.o
    0x20001da4        -       0x000007cc   Zero   RW         3323    .bss                bootota.o
    0x20002570        -       0x00000804   Zero   RW         3384    .bss                bootcrypto.o
    0x20002d74        -       0x00001000   Zero   RW         3439    .bss                bootdelta.o
    0x20003d74        -       0x00000424   Zero   RW         3676    .bss                mbedtls.o
    0x20004198        -       0x00000060   Zero   RW         7514    .bss                c_w.l(libspace.o)
    0x200041f8        -       0x00001000   Zero   RW            2    HEAP                startup_stm32f407xx.o
    0x200051f8        -       0x00001000   Zero   RW            1    STACK               startup_stm32f407xx.o


    Execution Region RW_IRAM2 (Exec base: 0x2001c000, Load base: 0x0801076c, Size: 0x00000000, Max: 0x00004000, ABSOLUTE)

    **** No section assigned to this execution region ****


==============================================================================

Image component sizes


      Code (inc. data)   RO Data    RW Data    ZI Data      Debug   Object Name

      2558         28       8744          0          0      17893   aes.o
       422          0          0          0          0       6929   asn1parse.o
       350          0          0          0          0       3373   asn1write.o
      5670          0          0          0          0      38751   bignum.o
      3450       1566        142          8       1030       9671   boot.o
       616         88         32          0       2052       5858   bootcrypto.o
      1080        264          0          0       4096      13084   bootdelta.o
       616         24          0          0       1996       9393   bootota.o
         8          0          0          0          0       3336   ctr_drbg.o
        44          4          0          0          0        742   dma.o
       338         10          0          0          0       5642   ecdh.o
      1236         30          0          0          0      11481   ecdsa.o
      7064         92          0          0          0      38885   ecp.o
      1892         96        160          4          0      10029   ecp_curves.o
        28          0          0          0          0       2567   entropy.o
       240        118          0          0          0       1670   flash.o
       144         10          0          0          0       3285   gpio.o
       388         14          0          0          0       3460   hkdf.o
       744          0          0          0          0      10803   hpatch_lite.o
       212         14          0          1       1064     716571   main.o
        56         18          0          0       1060        811   mbedtls.o
       592         36          0          0          0       9520   md.o
        80          0         96          0          0       7990   md_wrap.o
       128         12       2899          0          0      16450   oid.o
       248         26          0          0          0       8920   pk.o
       362         14        159          0          0      12825   pk_wrap.o
       390         30          0          0          0       7007   pkparse.o
         0          0          0          0          0       1228   platform.o
        16          6          0          4          0       1407   platform_util.o
        76         18          0          0         16       1463   rng.o
      2796         70        256          0          0      10096   sha256.o
       220         36          0          0         88       2121   spi.o
         0          0          0          0          0      10300   ssl_ciphersuites.o
        12          0          0          0          0      42325   ssl_tls.o
        64         26        392          0       8192        828   startup_stm32f407xx.o
       180         28          0         12          0       9281   stm32f4xx_hal.o
       268         24          0          0          0      35008   stm32f4xx_hal_cortex.o
      1182         16          8          0          0       7919   stm32f4xx_hal_dma.o
       520         66          0         32          0       6418   stm32f4xx_hal_flash.o
       356         24          0          0          0       3918   stm32f4xx_hal_flash_ex.o
       866         86          0          0          0       3074   stm32f4xx_hal_gpio.o
        48          6          0          0          0        826   stm32f4xx_hal_msp.o
      1344         72          0          0          0       5164   stm32f4xx_hal_rcc.o
       176          0          0          0          0       1970   stm32f4xx_hal_rng.o
      1770         16          0          0          0       8290   stm32f4xx_hal_spi.o
      2188         28          0          0          0      15416   stm32f4xx_hal_uart.o
        44         12          0          0          0       4936   stm32f4xx_it.o
        16          4         24          4          0       1079   system_stm32f4xx.o
       740          0          0          0          0      10509   tuz_dec.o
       360         42          0          4       5150       4886   uart.o
       300         44          0          0        168       2314   usart.o
       676         72          0          0          0       5893   w25q64.o
         8          0          0          0          0       8656   x509_crt.o
       344         42          0          0          0       4263   ymodem.o

    ----------------------------------------------------------------------
     43582       3232      12954         72      24912    1186534   Object Totals
         0          0         32          0          0          0   (incl. Generated)
        56          0         10          3          0          0   (incl. Padding)

    ----------------------------------------------------------------------

      Code (inc. data)   RO Data    RW Data    ZI Data      Debug   Library Member Name

        60          8          0          0          0         84   __0sscanf.o
         8          0          0          0          0         68   __main.o
       392          4         17          0          0         92   __printf_flags_ss_wp.o
        14          0          0          0          0         68   __printf_wp.o
         0          0          0          0          0          0   __rtentry.o
        12          0          0          0          0          0   __rtentry2.o
         6          0          0          0          0          0   __rtentry4.o
        52          8          0          0          0          0   __scatter.o
        26          0          0          0          0          0   __scatter_copy.o
        28          0          0          0          0          0   __scatter_zi.o
        28          0          0          0          0         68   _chval.o
         6          0          0          0          0          0   _printf_a.o
         6          0          0          0          0          0   _printf_c.o
        44          0          0          0          0        108   _printf_char.o
        48          6          0          0          0         96   _printf_char_common.o
        40          0          0          0          0         68   _printf_charcount.o
         6          0          0          0          0          0   _printf_d.o
       120         16          0          0          0         92   _printf_dec.o
         6          0          0          0          0          0   _printf_e.o
         6          0          0          0          0          0   _printf_f.o
      1054          0          0          0          0        216   _printf_fp_dec.o
       764          8         38          0          0        100   _printf_fp_hex.o
       128         16          0          0          0         84   _printf_fp_infnan.o
         6          0          0          0          0          0   _printf_g.o
       148          4         40          0          0        160   _printf_hex_int_ll_ptr.o
         6          0          0          0          0          0   _printf_i.o
       178          0          0          0          0         88   _printf_intcommon.o
        10          0          0          0          0          0   _printf_l.o
         6          0          0          0          0          0   _printf_lc.o
        10          0          0          0          0          0   _printf_ll.o
         6          0          0          0          0          0   _printf_lld.o
         6          0          0          0          0          0   _printf_lli.o
         6          0          0          0          0          0   _printf_llo.o
         6          0          0          0          0          0   _printf_llu.o
         6          0          0          0          0          0   _printf_llx.o
       124         16          0          0          0         92   _printf_longlong_dec.o
         6          0          0          0          0          0   _printf_ls.o
         6          0          0          0          0          0   _printf_n.o
         6          0          0          0          0          0   _printf_o.o
       112         10          0          0          0        124   _printf_oct_int_ll.o
         6          0          0          0          0          0   _printf_p.o
        78          0          0          0          0        108   _printf_pad.o
         0          0          0          0          0          0   _printf_percent.o
         4          0          0          0          0          0   _printf_percent_end.o
         6          0          0          0          0          0   _printf_s.o
        82          0          0          0          0         80   _printf_str.o
        36          0          0          0          0         84   _printf_truncate.o
         6          0          0          0          0          0   _printf_u.o
        44          0          0          0          0        108   _printf_wchar.o
       188          6          8          0          0         92   _printf_wctomb.o
         6          0          0          0          0          0   _printf_x.o
       884          4          0          0          0        100   _scanf.o
       332          0          0          0          0         96   _scanf_int.o
        64          0          0          0          0         84   _sgetc.o
        16          0          0          0          0         68   _snputc.o
        10          0          0          0          0         68   _sputc.o
       158          0          0          0          0         92   _strtoul.o
        64          0          0          0          0         92   _wcrtomb.o
        22          0          0          0          0         80   abort.o
        16          0          0          0          0         68   aeabi_memset.o
       228          4        148          0          0         96   bigflt0.o
      1936        128          0          0          0        672   btod.o
        40          0          0          0          0         80   calloc.o
        48         34          0          0          0         76   defsig_abrt_inner.o
        14          0          0          0          0         80   defsig_abrt_outer.o
        10          0          0          0          0         68   defsig_exit.o
        50          0          0          0          0         88   defsig_general.o
        80         58          0          0          0         76   defsig_rtmem_inner.o
        14          0          0          0          0         80   defsig_rtmem_outer.o
        18          0          0          0          0         80   exit.o
        94          0          0          0          0         80   h1_alloc.o
        52          0          0          0          0         68   h1_extend.o
        78          0          0          0          0         80   h1_free.o
        14          0          0          0          0         84   h1_init.o
         6          0          0          0          0        152   heapauxi.o
         4          0          0          0          0        136   hguard.o
         0          0          0          0          0          0   indicate_semi.o
       138          0          0          0          0        168   init_alloc.o
        18          0          0          0          0         76   isspace.o
        44         10        272          0          0         76   lc_ctype_c.o
        44         10         28          0          0         76   lc_numeric_c.o
         2          0          0          0          0          0   libinit.o
        42          0          0          0          0          0   libinit2.o
         2          0          0          0          0          0   libshutdown.o
         2          0          0          0          0          0   libshutdown2.o
         8          4          0          0         96         68   libspace.o
       138          0          0          0          0         80   lludiv10.o
       238          0          0          0          0        100   lludivv7m.o
         0          0          0          0          0          0   maybetermalloc1.o
        88          0          0          0          0         76   memcmp.o
        22          0          0          0          0         76   memset.o
        16          4          0          0          0         76   rt_ctype_table.o
         8          4          0          0          0         68   rt_errno_addr_intlibspace.o
         8          4          0          0          0         68   rt_heap_descriptor_intlibspace.o
         8          4          0          0          0         68   rt_locale_intlibspace.o
        68          0          0          0          0         68   rt_memclr.o
        78          0          0          0          0         80   rt_memclr_w.o
       138          0          0          0          0         68   rt_memcpy_v6.o
       100          0          0          0          0         80   rt_memcpy_w.o
       132          0          0          0          0         68   rt_memmove_v6.o
       122          0          0          0          0         80   rt_memmove_w.o
         2          0          0          0          0          0   rtexit.o
        10          0          0          0          0          0   rtexit2.o
        44          8          0          0          0         84   scanf_char.o
       128          0          0          0          0         68   strcmpv7m.o
        62          0          0          0          0         76   strlen.o
       114          0          0          0          0         92   strtoul.o
        12          4          0          0          0         68   sys_exit.o
        74          0          0          0          0         80   sys_stackheap_outer.o
        14          0          0          0          0         76   sys_wrch.o
         2          0          0          0          0         68   use_no_semi.o
        52          4          0          0          0         80   vsnprintf.o
        10          0          0          0          0        116   fpinit.o
         4          0          0          0          0        116   printf1.o
         4          0          0          0          0        116   printf2.o
         0          0          0          0          0          0   usenofp.o
        48          0          0          0          0        124   fpclassify.o

    ----------------------------------------------------------------------
     10272        386        556          0         96       7508   Library Totals
        18          0          5          0          0          0   (incl. Padding)

    ----------------------------------------------------------------------

      Code (inc. data)   RO Data    RW Data    ZI Data      Debug   Library Name

     10188        386        551          0         96       7036   c_w.l
        18          0          0          0          0        348   fz_wm.l
        48          0          0          0          0        124   m_wm.l

    ----------------------------------------------------------------------
     10272        386        556          0         96       7508   Library Totals

    ----------------------------------------------------------------------

==============================================================================


      Code (inc. data)   RO Data    RW Data    ZI Data      Debug   

     53854       3618      13510         72      25008    1156934   Grand Totals
     53854       3618      13510         72      25008    1156934   ELF Image Totals
     53854       3618      13510         72          0          0   ROM Totals

==============================================================================

    Total RO  Size (Code + RO Data)                67364 (  65.79kB)
    Total RW  Size (RW Data + ZI Data)             25080 (  24.49kB)
    Total ROM Size (Code + RO Data + RW Data)      67436 (  65.86kB)

==============================================================================

